Archive member included to satisfy reference by file (symbol)

/nix/store/mkvk7zrbvp1s74g92kjd4qx60nmclfn3-gcc-arm-embedded-12.3.rel1/bin/../lib/gcc/arm-none-eabi/12.3.1/../../../../arm-none-eabi/lib/thumb/v7-m/nofp/libc_nano.a(libc_a-exit.o)
                              /nix/store/mkvk7zrbvp1s74g92kjd4qx60nmclfn3-gcc-arm-embedded-12.3.rel1/bin/../lib/gcc/arm-none-eabi/12.3.1/../../../../arm-none-eabi/lib/thumb/v7-m/nofp/crt0.o (exit)
/nix/store/mkvk7zrbvp1s74g92kjd4qx60nmclfn3-gcc-arm-embedded-12.3.rel1/bin/../lib/gcc/arm-none-eabi/12.3.1/../../../../arm-none-eabi/lib/thumb/v7-m/nofp/libc_nano.a(libc_a-init.o)
                              /nix/store/mkvk7zrbvp1s74g92kjd4qx60nmclfn3-gcc-arm-embedded-12.3.rel1/bin/../lib/gcc/arm-none-eabi/12.3.1/../../../../arm-none-eabi/lib/thumb/v7-m/nofp/crt0.o (__libc_init_array)
/nix/store/mkvk7zrbvp1s74g92kjd4qx60nmclfn3-gcc-arm-embedded-12.3.rel1/bin/../lib/gcc/arm-none-eabi/12.3.1/../../../../arm-none-eabi/lib/thumb/v7-m/nofp/libc_nano.a(libc_a-memcpy-stub.o)
                              build/main.o (memcpy)
/nix/store/mkvk7zrbvp1s74g92kjd4qx60nmclfn3-gcc-arm-embedded-12.3.rel1/bin/../lib/gcc/arm-none-eabi/12.3.1/../../../../arm-none-eabi/lib/thumb/v7-m/nofp/libc_nano.a(libc_a-findfp.o)
                              /nix/store/mkvk7zrbvp1s74g92kjd4qx60nmclfn3-gcc-arm-embedded-12.3.rel1/bin/../lib/gcc/arm-none-eabi/12.3.1/../../../../arm-none-eabi/lib/thumb/v7-m/nofp/libc_nano.a(libc_a-exit.o) (__stdio_exit_handler)
/nix/store/mkvk7zrbvp1s74g92kjd4qx60nmclfn3-gcc-arm-embedded-12.3.rel1/bin/../lib/gcc/arm-none-eabi/12.3.1/../../../../arm-none-eabi/lib/thumb/v7-m/nofp/libc_nano.a(libc_a-stdio.o)
                              /nix/store/mkvk7zrbvp1s74g92kjd4qx60nmclfn3-gcc-arm-embedded-12.3.rel1/bin/../lib/gcc/arm-none-eabi/12.3.1/../../../../arm-none-eabi/lib/thumb/v7-m/nofp/libc_nano.a(libc_a-findfp.o) (__sread)
/nix/store/mkvk7zrbvp1s74g92kjd4qx60nmclfn3-gcc-arm-embedded-12.3.rel1/bin/../lib/gcc/arm-none-eabi/12.3.1/../../../../arm-none-eabi/lib/thumb/v7-m/nofp/libc_nano.a(libc_a-writer.o)
                              /nix/store/mkvk7zrbvp1s74g92kjd4qx60nmclfn3-gcc-arm-embedded-12.3.rel1/bin/../lib/gcc/arm-none-eabi/12.3.1/../../../../arm-none-eabi/lib/thumb/v7-m/nofp/libc_nano.a(libc_a-stdio.o) (_write_r)
/nix/store/mkvk7zrbvp1s74g92kjd4qx60nmclfn3-gcc-arm-embedded-12.3.rel1/bin/../lib/gcc/arm-none-eabi/12.3.1/../../../../arm-none-eabi/lib/thumb/v7-m/nofp/libc_nano.a(libc_a-fwalk.o)
                              /nix/store/mkvk7zrbvp1s74g92kjd4qx60nmclfn3-gcc-arm-embedded-12.3.rel1/bin/../lib/gcc/arm-none-eabi/12.3.1/../../../../arm-none-eabi/lib/thumb/v7-m/nofp/libc_nano.a(libc_a-findfp.o) (_fwalk_sglue)
/nix/store/mkvk7zrbvp1s74g92kjd4qx60nmclfn3-gcc-arm-embedded-12.3.rel1/bin/../lib/gcc/arm-none-eabi/12.3.1/../../../../arm-none-eabi/lib/thumb/v7-m/nofp/libc_nano.a(libc_a-memset.o)
                              /nix/store/mkvk7zrbvp1s74g92kjd4qx60nmclfn3-gcc-arm-embedded-12.3.rel1/bin/../lib/gcc/arm-none-eabi/12.3.1/../../../../arm-none-eabi/lib/thumb/v7-m/nofp/crt0.o (memset)
/nix/store/mkvk7zrbvp1s74g92kjd4qx60nmclfn3-gcc-arm-embedded-12.3.rel1/bin/../lib/gcc/arm-none-eabi/12.3.1/../../../../arm-none-eabi/lib/thumb/v7-m/nofp/libc_nano.a(libc_a-lock.o)
                              /nix/store/mkvk7zrbvp1s74g92kjd4qx60nmclfn3-gcc-arm-embedded-12.3.rel1/bin/../lib/gcc/arm-none-eabi/12.3.1/../../../../arm-none-eabi/lib/thumb/v7-m/nofp/libc_nano.a(libc_a-findfp.o) (__retarget_lock_init_recursive)
/nix/store/mkvk7zrbvp1s74g92kjd4qx60nmclfn3-gcc-arm-embedded-12.3.rel1/bin/../lib/gcc/arm-none-eabi/12.3.1/../../../../arm-none-eabi/lib/thumb/v7-m/nofp/libc_nano.a(libc_a-closer.o)
                              /nix/store/mkvk7zrbvp1s74g92kjd4qx60nmclfn3-gcc-arm-embedded-12.3.rel1/bin/../lib/gcc/arm-none-eabi/12.3.1/../../../../arm-none-eabi/lib/thumb/v7-m/nofp/libc_nano.a(libc_a-stdio.o) (_close_r)
/nix/store/mkvk7zrbvp1s74g92kjd4qx60nmclfn3-gcc-arm-embedded-12.3.rel1/bin/../lib/gcc/arm-none-eabi/12.3.1/../../../../arm-none-eabi/lib/thumb/v7-m/nofp/libc_nano.a(libc_a-reent.o)
                              /nix/store/mkvk7zrbvp1s74g92kjd4qx60nmclfn3-gcc-arm-embedded-12.3.rel1/bin/../lib/gcc/arm-none-eabi/12.3.1/../../../../arm-none-eabi/lib/thumb/v7-m/nofp/libc_nano.a(libc_a-writer.o) (errno)
/nix/store/mkvk7zrbvp1s74g92kjd4qx60nmclfn3-gcc-arm-embedded-12.3.rel1/bin/../lib/gcc/arm-none-eabi/12.3.1/../../../../arm-none-eabi/lib/thumb/v7-m/nofp/libc_nano.a(libc_a-impure.o)
                              /nix/store/mkvk7zrbvp1s74g92kjd4qx60nmclfn3-gcc-arm-embedded-12.3.rel1/bin/../lib/gcc/arm-none-eabi/12.3.1/../../../../arm-none-eabi/lib/thumb/v7-m/nofp/libc_nano.a(libc_a-reent.o) (_impure_ptr)
/nix/store/mkvk7zrbvp1s74g92kjd4qx60nmclfn3-gcc-arm-embedded-12.3.rel1/bin/../lib/gcc/arm-none-eabi/12.3.1/../../../../arm-none-eabi/lib/thumb/v7-m/nofp/libc_nano.a(libc_a-fflush.o)
[...]
Memory Configuration

Name             Origin             Length             Attributes
RAM              0x20000000         0x00005000         xrw
FLASH            0x08000000         0x00010000         xr
*default*        0x00000000         0xffffffff

Linker script and memory map

LOAD /nix/store/mkvk7zrbvp1s74g92kjd4qx60nmclfn3-gcc-arm-embedded-12.3.rel1/bin/../lib/gcc/arm-none-eabi/12.3.1/thumb/v7-m/nofp/crti.o
LOAD /nix/store/mkvk7zrbvp1s74g92kjd4qx60nmclfn3-gcc-arm-embedded-12.3.rel1/bin/../lib/gcc/arm-none-eabi/12.3.1/thumb/v7-m/nofp/crtbegin.o
LOAD /nix/store/mkvk7zrbvp1s74g92kjd4qx60nmclfn3-gcc-arm-embedded-12.3.rel1/bin/../lib/gcc/arm-none-eabi/12.3.1/../../../../arm-none-eabi/lib/thumb/v7-m/nofp/crt0.o
LOAD build/main.o
LOAD build/gpio.o
LOAD build/stm32f1xx_it.o
LOAD build/stm32f1xx_hal_msp.o
LOAD build/usb_device.o
LOAD build/usbd_desc.o
LOAD build/usbd_conf.o
LOAD build/stm32f1xx_hal_gpio_ex.o
LOAD build/stm32f1xx_hal_pcd.o
LOAD build/stm32f1xx_hal_pcd_ex.o
LOAD build/stm32f1xx_ll_usb.o
LOAD build/stm32f1xx_hal.o
LOAD build/stm32f1xx_hal_rcc.o
LOAD build/stm32f1xx_hal_rcc_ex.o
LOAD build/stm32f1xx_hal_gpio.o
LOAD build/stm32f1xx_hal_dma.o
LOAD build/stm32f1xx_hal_cortex.o
LOAD build/stm32f1xx_hal_pwr.o
LOAD build/stm32f1xx_hal_flash.o
LOAD build/stm32f1xx_hal_flash_ex.o
LOAD build/stm32f1xx_hal_exti.o
LOAD build/stm32f1xx_hal_tim.o
LOAD build/stm32f1xx_hal_tim_ex.o
LOAD build/system_stm32f1xx.o
LOAD build/usbd_core.o
LOAD build/usbd_ctlreq.o
LOAD build/usbd_ioreq.o
LOAD build/usbd_hid.o
LOAD build/startup_stm32f103xb.o
LOAD /nix/store/mkvk7zrbvp1s74g92kjd4qx60nmclfn3-gcc-arm-embedded-12.3.rel1/bin/../lib/gcc/arm-none-eabi/12.3.1/../../../../arm-none-eabi/lib/thumb/v7-m/nofp/libc_nano.a
LOAD /nix/store/mkvk7zrbvp1s74g92kjd4qx60nmclfn3-gcc-arm-embedded-12.3.rel1/bin/../lib/gcc/arm-none-eabi/12.3.1/../../../../arm-none-eabi/lib/thumb/v7-m/nofp/libm.a
LOAD /nix/store/mkvk7zrbvp1s74g92kjd4qx60nmclfn3-gcc-arm-embedded-12.3.rel1/bin/../lib/gcc/arm-none-eabi/12.3.1/../../../../arm-none-eabi/lib/thumb/v7-m/nofp/libnosys.a
START GROUP
LOAD /nix/store/mkvk7zrbvp1s74g92kjd4qx60nmclfn3-gcc-arm-embedded-12.3.rel1/bin/../lib/gcc/arm-none-eabi/12.3.1/thumb/v7-m/nofp/libgcc.a
LOAD /nix/store/mkvk7zrbvp1s74g92kjd4qx60nmclfn3-gcc-arm-embedded-12.3.rel1/bin/../lib/gcc/arm-none-eabi/12.3.1/../../../../arm-none-eabi/lib/thumb/v7-m/nofp/libc_nano.a
END GROUP
START GROUP
LOAD /nix/store/mkvk7zrbvp1s74g92kjd4qx60nmclfn3-gcc-arm-embedded-12.3.rel1/bin/../lib/gcc/arm-none-eabi/12.3.1/thumb/v7-m/nofp/libgcc.a
LOAD /nix/store/mkvk7zrbvp1s74g92kjd4qx60nmclfn3-gcc-arm-embedded-12.3.rel1/bin/../lib/gcc/arm-none-eabi/12.3.1/../../../../arm-none-eabi/lib/thumb/v7-m/nofp/libc_nano.a
END GROUP
LOAD /nix/store/mkvk7zrbvp1s74g92kjd4qx60nmclfn3-gcc-arm-embedded-12.3.rel1/bin/../lib/gcc/arm-none-eabi/12.3.1/thumb/v7-m/nofp/crtend.o
LOAD /nix/store/mkvk7zrbvp1s74g92kjd4qx60nmclfn3-gcc-arm-embedded-12.3.rel1/bin/../lib/gcc/arm-none-eabi/12.3.1/thumb/v7-m/nofp/crtn.o
                0x20005000                        _estack = (ORIGIN (RAM) + LENGTH (RAM))
                0x00000200                        _Min_Heap_Size = 0x200
                0x00000400                        _Min_Stack_Size = 0x400

.isr_vector     0x08000000      0x10c
                0x08000000                        . = ALIGN (0x4)
 *(.isr_vector)
 .isr_vector    0x08000000      0x10c build/startup_stm32f103xb.o
                0x08000000                g_pfnVectors
                0x0800010c                        . = ALIGN (0x4)

.text           0x0800010c     0x39d4
                0x0800010c                        . = ALIGN (0x4)
 *(.text)
 *(.text*)
 .text.deregister_tm_clones
                0x0800010c       0x1c /nix/store/mkvk7zrbvp1s74g92kjd4qx60nmclfn3-gcc-arm-embedded-12.3.rel1/bin/../lib/gcc/arm-none-eabi/12.3.1/thumb/v7-m/nofp/crtbegin.o
 .text.register_tm_clones
                0x08000128       0x24 /nix/store/mkvk7zrbvp1s74g92kjd4qx60nmclfn3-gcc-arm-embedded-12.3.rel1/bin/../lib/gcc/arm-none-eabi/12.3.1/thumb/v7-m/nofp/crtbegin.o
 .text.__do_global_dtors_aux
                0x0800014c       0x28 /nix/store/mkvk7zrbvp1s74g92kjd4qx60nmclfn3-gcc-arm-embedded-12.3.rel1/bin/../lib/gcc/arm-none-eabi/12.3.1/thumb/v7-m/nofp/crtbegin.o
 .text.frame_dummy
                0x08000174       0x24 /nix/store/mkvk7zrbvp1s74g92kjd4qx60nmclfn3-gcc-arm-embedded-12.3.rel1/bin/../lib/gcc/arm-none-eabi/12.3.1/thumb/v7-m/nofp/crtbegin.o
 .text.Error_Handler
                0x08000198        0x4 build/main.o
                0x08000198                Error_Handler
 .text.SystemClock_Config
                0x0800019c       0x82 build/main.o
                0x0800019c                SystemClock_Config
 *fill*         0x0800021e        0x2 
 .text.main     0x08000220       0x64 build/main.o
                0x08000220                main
 .text.MX_GPIO_Init
                0x08000284       0x30 build/gpio.o
                0x08000284                MX_GPIO_Init
 .text.NMI_Handler
                0x080002b4        0x2 build/stm32f1xx_it.o
                0x080002b4                NMI_Handler
 .text.HardFault_Handler
                0x080002b6        0x2 build/stm32f1xx_it.o
                0x080002b6                HardFault_Handler
 .text.MemManage_Handler
                0x080002b8        0x2 build/stm32f1xx_it.o
                0x080002b8                MemManage_Handler
 .text.BusFault_Handler
                0x080002ba        0x2 build/stm32f1xx_it.o
                0x080002ba                BusFault_Handler
 .text.UsageFault_Handler
                0x080002bc        0x2 build/stm32f1xx_it.o
                0x080002bc                UsageFault_Handler
 .text.SVC_Handler
                0x080002be        0x2 build/stm32f1xx_it.o
                0x080002be                SVC_Handler
 .text.DebugMon_Handler
                0x080002c0        0x2 build/stm32f1xx_it.o
                0x080002c0                DebugMon_Handler
 .text.PendSV_Handler
                0x080002c2        0x2 build/stm32f1xx_it.o
                0x080002c2                PendSV_Handler
 .text.SysTick_Handler
                0x080002c4        0x8 build/stm32f1xx_it.o
                0x080002c4                SysTick_Handler
 .text.USB_LP_CAN1_RX0_IRQHandler
                0x080002cc       0x10 build/stm32f1xx_it.o
                0x080002cc                USB_LP_CAN1_RX0_IRQHandler
 .text.HAL_MspInit
                0x080002dc       0x44 build/stm32f1xx_hal_msp.o
                0x080002dc                HAL_MspInit
 .text.MX_USB_DEVICE_Init
                0x08000320       0x40 build/usb_device.o
                0x08000320                MX_USB_DEVICE_Init
 .text.USBD_FS_DeviceDescriptor
                0x08000360        0xc build/usbd_desc.o
                0x08000360                USBD_FS_DeviceDescriptor
 .text.USBD_FS_LangIDStrDescriptor
                0x0800036c        0xc build/usbd_desc.o
                0x0800036c                USBD_FS_LangIDStrDescriptor
 .text.IntToUnicode
                0x08000378       0x46 build/usbd_desc.o
 *fill*         0x080003be        0x2 
 .text.Get_SerialNum
                0x080003c0       0x38 build/usbd_desc.o
 .text.USBD_FS_SerialStrDescriptor
                0x080003f8       0x14 build/usbd_desc.o
                0x080003f8                USBD_FS_SerialStrDescriptor
 .text.USBD_FS_ProductStrDescriptor
                0x0800040c       0x24 build/usbd_desc.o
                0x0800040c                USBD_FS_ProductStrDescriptor
 .text.USBD_FS_ManufacturerStrDescriptor
                0x08000430       0x1c build/usbd_desc.o
                0x08000430                USBD_FS_ManufacturerStrDescriptor
 .text.USBD_FS_ConfigStrDescriptor
                0x0800044c       0x24 build/usbd_desc.o
                0x0800044c                USBD_FS_ConfigStrDescriptor
 .text.USBD_FS_InterfaceStrDescriptor
                0x08000470       0x24 build/usbd_desc.o
                0x08000470                USBD_FS_InterfaceStrDescriptor
 .text.USBD_Get_USB_Status
                0x08000494       0x14 build/usbd_conf.o
 .text.HAL_PCD_MspInit
                0x080004a8       0x40 build/usbd_conf.o
                0x080004a8                HAL_PCD_MspInit
 .text.HAL_PCD_SetupStageCallback
                0x080004e8       0x10 build/usbd_conf.o
                0x080004e8                HAL_PCD_SetupStageCallback
 .text.HAL_PCD_DataOutStageCallback
                0x080004f8       0x18 build/usbd_conf.o
                0x080004f8                HAL_PCD_DataOutStageCallback
 .text.HAL_PCD_DataInStageCallback
                0x08000510       0x16 build/usbd_conf.o
                0x08000510                HAL_PCD_DataInStageCallback
 .text.HAL_PCD_SOFCallback
                0x08000526        0xc build/usbd_conf.o
                0x08000526                HAL_PCD_SOFCallback
 .text.HAL_PCD_ResetCallback
                0x08000532       0x24 build/usbd_conf.o
                0x08000532                HAL_PCD_ResetCallback
 *fill*         0x08000556        0x2 
 .text.HAL_PCD_SuspendCallback
                0x08000558       0x20 build/usbd_conf.o
                0x08000558                HAL_PCD_SuspendCallback
 .text.HAL_PCD_ResumeCallback
                0x08000578        0xc build/usbd_conf.o
                0x08000578                HAL_PCD_ResumeCallback
 .text.USBD_LL_Init
                0x08000584       0x68 build/usbd_conf.o
                0x08000584                USBD_LL_Init
 .text.USBD_LL_Start
                0x080005ec       0x10 build/usbd_conf.o
                0x080005ec                USBD_LL_Start
 .text.USBD_LL_OpenEP
                0x080005fc       0x16 build/usbd_conf.o
                0x080005fc                USBD_LL_OpenEP
 .text.USBD_LL_CloseEP
                0x08000612       0x10 build/usbd_conf.o
                0x08000612                USBD_LL_CloseEP
 .text.USBD_LL_StallEP
                0x08000622       0x10 build/usbd_conf.o
                0x08000622                USBD_LL_StallEP
 .text.USBD_LL_ClearStallEP
                0x08000632       0x10 build/usbd_conf.o
                0x08000632                USBD_LL_ClearStallEP
 .text.USBD_LL_IsStallEP
                0x08000642       0x2e build/usbd_conf.o
                0x08000642                USBD_LL_IsStallEP
 .text.USBD_LL_SetUSBAddress
                0x08000670       0x10 build/usbd_conf.o
                0x08000670                USBD_LL_SetUSBAddress
 .text.USBD_LL_Transmit
                0x08000680       0x10 build/usbd_conf.o
                0x08000680                USBD_LL_Transmit
 .text.USBD_LL_PrepareReceive
                0x08000690       0x10 build/usbd_conf.o
                0x08000690                USBD_LL_PrepareReceive
 .text.USBD_static_malloc
                0x080006a0        0x8 build/usbd_conf.o
                0x080006a0                USBD_static_malloc
 .text.USBD_static_free
                0x080006a8        0x2 build/usbd_conf.o
                0x080006a8                USBD_static_free
 .text.HAL_PCDEx_SetConnectionState
                0x080006aa        0x2 build/usbd_conf.o
                0x080006aa                HAL_PCDEx_SetConnectionState
 .text.HAL_PCD_EP_DB_Receive
                0x080006ac      0x11c build/stm32f1xx_hal_pcd.o
 .text.HAL_PCD_Init
                0x080007c8      0x110 build/stm32f1xx_hal_pcd.o
                0x080007c8                HAL_PCD_Init
 .text.HAL_PCD_Start
                0x080008d8       0x32 build/stm32f1xx_hal_pcd.o
                0x080008d8                HAL_PCD_Start
 .text.HAL_PCD_EP_DB_Transmit
                0x0800090a      0x424 build/stm32f1xx_hal_pcd.o
 .text.PCD_EP_ISR_Handler
                0x08000d2e      0x53e build/stm32f1xx_hal_pcd.o
 .text.HAL_PCD_SetAddress
                0x0800126c       0x28 build/stm32f1xx_hal_pcd.o
                0x0800126c                HAL_PCD_SetAddress
 .text.HAL_PCD_IRQHandler
                0x08001294      0x1b0 build/stm32f1xx_hal_pcd.o
                0x08001294                HAL_PCD_IRQHandler
 .text.HAL_PCD_EP_Open
                0x08001444       0x7c build/stm32f1xx_hal_pcd.o
                0x08001444                HAL_PCD_EP_Open
 .text.HAL_PCD_EP_Close
                0x080014c0       0x64 build/stm32f1xx_hal_pcd.o
                0x080014c0                HAL_PCD_EP_Close
 .text.HAL_PCD_EP_Receive
                0x08001524       0x3a build/stm32f1xx_hal_pcd.o
                0x08001524                HAL_PCD_EP_Receive
 .text.HAL_PCD_EP_Transmit
                0x0800155e       0x44 build/stm32f1xx_hal_pcd.o
                0x0800155e                HAL_PCD_EP_Transmit
 .text.HAL_PCD_EP_SetStall
                0x080015a2       0x78 build/stm32f1xx_hal_pcd.o
                0x080015a2                HAL_PCD_EP_SetStall
 .text.HAL_PCD_EP_ClrStall
                0x0800161a       0x76 build/stm32f1xx_hal_pcd.o
                0x0800161a                HAL_PCD_EP_ClrStall
 .text.HAL_PCDEx_PMAConfig
                0x08001690       0x38 build/stm32f1xx_hal_pcd_ex.o
                0x08001690                HAL_PCDEx_PMAConfig
 .text.USB_CoreInit
                0x080016c8        0xe build/stm32f1xx_ll_usb.o
                0x080016c8                USB_CoreInit
 .text.USB_EnableGlobalInt
                0x080016d6       0x12 build/stm32f1xx_ll_usb.o
                0x080016d6                USB_EnableGlobalInt
 .text.USB_DisableGlobalInt
                0x080016e8       0x14 build/stm32f1xx_ll_usb.o
                0x080016e8                USB_DisableGlobalInt
 .text.USB_SetCurrentMode
                0x080016fc        0x4 build/stm32f1xx_ll_usb.o
                0x080016fc                USB_SetCurrentMode
 .text.USB_DevInit
                0x08001700       0x22 build/stm32f1xx_ll_usb.o
                0x08001700                USB_DevInit
 .text.USB_ActivateEndpoint
                0x08001722      0x3ca build/stm32f1xx_ll_usb.o
                0x08001722                USB_ActivateEndpoint
 .text.USB_DeactivateEndpoint
                0x08001aec      0x1d6 build/stm32f1xx_ll_usb.o
                0x08001aec                USB_DeactivateEndpoint
 .text.USB_EPSetStall
                0x08001cc2       0x4a build/stm32f1xx_ll_usb.o
                0x08001cc2                USB_EPSetStall
 .text.USB_EPClearStall
                0x08001d0c       0xa2 build/stm32f1xx_ll_usb.o
                0x08001d0c                USB_EPClearStall
 .text.USB_SetDevAddress
                0x08001dae        0xc build/stm32f1xx_ll_usb.o
                0x08001dae                USB_SetDevAddress
 .text.USB_DevConnect
                0x08001dba        0x4 build/stm32f1xx_ll_usb.o
                0x08001dba                USB_DevConnect
 .text.USB_DevDisconnect
                0x08001dbe        0x4 build/stm32f1xx_ll_usb.o
                0x08001dbe                USB_DevDisconnect
 .text.USB_ReadInterrupts
                0x08001dc2        0x8 build/stm32f1xx_ll_usb.o
                0x08001dc2                USB_ReadInterrupts
 .text.USB_EP0_OutStart
                0x08001dca        0x4 build/stm32f1xx_ll_usb.o
                0x08001dca                USB_EP0_OutStart
 .text.USB_WritePMA
                0x08001dce       0x26 build/stm32f1xx_ll_usb.o
                0x08001dce                USB_WritePMA
 .text.USB_EPStartXfer
                0x08001df4      0x7ce build/stm32f1xx_ll_usb.o
                0x08001df4                USB_EPStartXfer
 .text.USB_ReadPMA
                0x080025c2       0x30 build/stm32f1xx_ll_usb.o
                0x080025c2                USB_ReadPMA
 *fill*         0x080025f2        0x2 
 .text.HAL_InitTick
                0x080025f4       0x4c build/stm32f1xx_hal.o
                0x080025f4                HAL_InitTick
 .text.HAL_Init
                0x08002640       0x24 build/stm32f1xx_hal.o
                0x08002640                HAL_Init
 .text.HAL_IncTick
                0x08002664       0x18 build/stm32f1xx_hal.o
                0x08002664                HAL_IncTick
 .text.HAL_GetTick
                0x0800267c        0xc build/stm32f1xx_hal.o
                0x0800267c                HAL_GetTick
 .text.HAL_Delay
                0x08002688       0x28 build/stm32f1xx_hal.o
                0x08002688                HAL_Delay
 .text.RCC_Delay
                0x080026b0       0x2c build/stm32f1xx_hal_rcc.o
 .text.HAL_RCC_OscConfig
                0x080026dc      0x410 build/stm32f1xx_hal_rcc.o
                0x080026dc                HAL_RCC_OscConfig
 .text.HAL_RCC_GetSysClockFreq
                0x08002aec       0x54 build/stm32f1xx_hal_rcc.o
                0x08002aec                HAL_RCC_GetSysClockFreq
 .text.HAL_RCC_ClockConfig
                0x08002b40      0x16c build/stm32f1xx_hal_rcc.o
                0x08002b40                HAL_RCC_ClockConfig
 .text.HAL_RCCEx_PeriphCLKConfig
                0x08002cac      0x118 build/stm32f1xx_hal_rcc_ex.o
                0x08002cac                HAL_RCCEx_PeriphCLKConfig
 .text.__NVIC_SetPriority
                0x08002dc4       0x28 build/stm32f1xx_hal_cortex.o
 .text.NVIC_EncodePriority
                0x08002dec       0x3e build/stm32f1xx_hal_cortex.o
 *fill*         0x08002e2a        0x2 
 .text.HAL_NVIC_SetPriorityGrouping
                0x08002e2c       0x24 build/stm32f1xx_hal_cortex.o
                0x08002e2c                HAL_NVIC_SetPriorityGrouping
 .text.HAL_NVIC_SetPriority
                0x08002e50       0x20 build/stm32f1xx_hal_cortex.o
                0x08002e50                HAL_NVIC_SetPriority
 .text.HAL_NVIC_EnableIRQ
                0x08002e70       0x1c build/stm32f1xx_hal_cortex.o
                0x08002e70                HAL_NVIC_EnableIRQ
 .text.HAL_SYSTICK_Config
                0x08002e8c       0x28 build/stm32f1xx_hal_cortex.o
                0x08002e8c                HAL_SYSTICK_Config
 .text.SystemInit
                0x08002eb4        0x2 build/system_stm32f1xx.o
                0x08002eb4                SystemInit
 .text.USBD_Init
                0x08002eb6       0x2e build/usbd_core.o
                0x08002eb6                USBD_Init
 .text.USBD_RegisterClass
                0x08002ee4        0xe build/usbd_core.o
                0x08002ee4                USBD_RegisterClass
 .text.USBD_Start
                0x08002ef2        0xa build/usbd_core.o
                0x08002ef2                USBD_Start
 .text.USBD_SetClassConfig
                0x08002efc       0x18 build/usbd_core.o
                0x08002efc                USBD_SetClassConfig
 .text.USBD_ClrClassConfig
                0x08002f14        0xe build/usbd_core.o
                0x08002f14                USBD_ClrClassConfig
 .text.USBD_LL_SetupStage
                0x08002f22       0x5a build/usbd_core.o
                0x08002f22                USBD_LL_SetupStage
 .text.USBD_LL_DataOutStage
                0x08002f7c       0x8c build/usbd_core.o
                0x08002f7c                USBD_LL_DataOutStage
 .text.USBD_LL_DataInStage
                0x08003008       0xd0 build/usbd_core.o
                0x08003008                USBD_LL_DataInStage
 .text.USBD_LL_Reset
                0x080030d8       0x50 build/usbd_core.o
                0x080030d8                USBD_LL_Reset
 .text.USBD_LL_SetSpeed
                0x08003128        0x6 build/usbd_core.o
                0x08003128                USBD_LL_SetSpeed
 .text.USBD_LL_Suspend
                0x0800312e       0x12 build/usbd_core.o
                0x0800312e                USBD_LL_Suspend
 .text.USBD_LL_Resume
                0x08003140       0x16 build/usbd_core.o
                0x08003140                USBD_LL_Resume
 .text.USBD_LL_SOF
                0x08003156       0x1c build/usbd_core.o
                0x08003156                USBD_LL_SOF
 .text.USBD_GetLen
                0x08003172       0x14 build/usbd_ctlreq.o
 .text.USBD_SetFeature
                0x08003186       0x14 build/usbd_ctlreq.o
 .text.USBD_ParseSetupRequest
                0x0800319a       0x28 build/usbd_ctlreq.o
                0x0800319a                USBD_ParseSetupRequest
 .text.USBD_CtlError
                0x080031c2       0x14 build/usbd_ctlreq.o
                0x080031c2                USBD_CtlError
 .text.USBD_GetDescriptor
                0x080031d6      0x186 build/usbd_ctlreq.o
 .text.USBD_SetAddress
                0x0800335c       0x4e build/usbd_ctlreq.o
 *fill*         0x080033aa        0x2 
 .text.USBD_SetConfig
                0x080033ac       0xb0 build/usbd_ctlreq.o
 .text.USBD_GetConfig
                0x0800345c       0x3e build/usbd_ctlreq.o
 .text.USBD_GetStatus
                0x0800349a       0x38 build/usbd_ctlreq.o
 .text.USBD_ClrFeature
                0x080034d2       0x26 build/usbd_ctlreq.o
 .text.USBD_StdDevReq
                0x080034f8       0x68 build/usbd_ctlreq.o
                0x080034f8                USBD_StdDevReq
 .text.USBD_StdItfReq
                0x08003560       0x60 build/usbd_ctlreq.o
                0x08003560                USBD_StdItfReq
 .text.USBD_StdEPReq
                0x080035c0      0x1e2 build/usbd_ctlreq.o
                0x080035c0                USBD_StdEPReq
 .text.USBD_GetString
                0x080037a2       0x3a build/usbd_ctlreq.o
                0x080037a2                USBD_GetString
 .text.USBD_CtlSendData
                0x080037dc       0x1a build/usbd_ioreq.o
                0x080037dc                USBD_CtlSendData
 .text.USBD_CtlContinueSendData
                0x080037f6       0x10 build/usbd_ioreq.o
                0x080037f6                USBD_CtlContinueSendData
 .text.USBD_CtlContinueRx
                0x08003806       0x10 build/usbd_ioreq.o
                0x08003806                USBD_CtlContinueRx
 .text.USBD_CtlSendStatus
                0x08003816       0x16 build/usbd_ioreq.o
                0x08003816                USBD_CtlSendStatus
 .text.USBD_CtlReceiveStatus
                0x0800382c       0x16 build/usbd_ioreq.o
                0x0800382c                USBD_CtlReceiveStatus
 *fill*         0x08003842        0x2 
 .text.USBD_HID_GetFSCfgDesc
                0x08003844        0xc build/usbd_hid.o
 .text.USBD_HID_GetHSCfgDesc
                0x08003850        0xc build/usbd_hid.o
 .text.USBD_HID_GetOtherSpeedCfgDesc
                0x0800385c        0xc build/usbd_hid.o
 .text.USBD_HID_DataIn
                0x08003868        0xa build/usbd_hid.o
 *fill*         0x08003872        0x2 
 .text.USBD_HID_GetDeviceQualifierDesc
                0x08003874        0xc build/usbd_hid.o
 .text.USBD_HID_Setup
                0x08003880      0x114 build/usbd_hid.o
 .text.USBD_HID_DeInit
                0x08003994       0x22 build/usbd_hid.o
 .text.USBD_HID_Init
                0x080039b6       0x2a build/usbd_hid.o
 .text.USBD_HID_SendReport
                0x080039e0       0x28 build/usbd_hid.o
                0x080039e0                USBD_HID_SendReport
 .text.Reset_Handler
                0x08003a08       0x48 build/startup_stm32f103xb.o
                0x08003a08                Reset_Handler
 .text.Default_Handler
                0x08003a50        0x2 build/startup_stm32f103xb.o
                0x08003a50                RTC_Alarm_IRQHandler
                0x08003a50                EXTI2_IRQHandler
                0x08003a50                TIM1_CC_IRQHandler
                0x08003a50                PVD_IRQHandler
                0x08003a50                EXTI3_IRQHandler
                0x08003a50                EXTI0_IRQHandler
                0x08003a50                I2C2_EV_IRQHandler
                0x08003a50                ADC1_2_IRQHandler
                0x08003a50                SPI1_IRQHandler
                0x08003a50                TAMPER_IRQHandler
                0x08003a50                DMA1_Channel4_IRQHandler
                0x08003a50                USART3_IRQHandler
                0x08003a50                RTC_IRQHandler
                0x08003a50                DMA1_Channel7_IRQHandler
                0x08003a50                CAN1_RX1_IRQHandler
                0x08003a50                TIM4_IRQHandler
                0x08003a50                I2C1_EV_IRQHandler
                0x08003a50                DMA1_Channel6_IRQHandler
                0x08003a50                TIM3_IRQHandler
                0x08003a50                RCC_IRQHandler
                0x08003a50                TIM1_TRG_COM_IRQHandler
                0x08003a50                DMA1_Channel1_IRQHandler
                0x08003a50                Default_Handler
                0x08003a50                EXTI15_10_IRQHandler
                0x08003a50                EXTI9_5_IRQHandler
                0x08003a50                SPI2_IRQHandler
                0x08003a50                DMA1_Channel5_IRQHandler
                0x08003a50                EXTI4_IRQHandler
                0x08003a50                USB_HP_CAN1_TX_IRQHandler
                0x08003a50                DMA1_Channel3_IRQHandler
                0x08003a50                TIM1_UP_IRQHandler
                0x08003a50                WWDG_IRQHandler
                0x08003a50                TIM2_IRQHandler
                0x08003a50                TIM1_BRK_IRQHandler
                0x08003a50                EXTI1_IRQHandler
                0x08003a50                USART2_IRQHandler
                0x08003a50                I2C2_ER_IRQHandler
                0x08003a50                DMA1_Channel2_IRQHandler
                0x08003a50                CAN1_SCE_IRQHandler
                0x08003a50                FLASH_IRQHandler
                0x08003a50                USART1_IRQHandler
                0x08003a50                I2C1_ER_IRQHandler
                0x08003a50                USBWakeUp_IRQHandler
 *fill*         0x08003a52        0x2 
 .text.__libc_init_array
                0x08003a54       0x48 /nix/store/mkvk7zrbvp1s74g92kjd4qx60nmclfn3-gcc-arm-embedded-12.3.rel1/bin/../lib/gcc/arm-none-eabi/12.3.1/../../../../arm-none-eabi/lib/thumb/v7-m/nofp/libc_nano.a(libc_a-init.o)
                0x08003a54                __libc_init_array
 .text.memcpy   0x08003a9c       0x1c /nix/store/mkvk7zrbvp1s74g92kjd4qx60nmclfn3-gcc-arm-embedded-12.3.rel1/bin/../lib/gcc/arm-none-eabi/12.3.1/../../../../arm-none-eabi/lib/thumb/v7-m/nofp/libc_nano.a(libc_a-memcpy-stub.o)
                0x08003a9c                memcpy
 .text.memset   0x08003ab8       0x10 /nix/store/mkvk7zrbvp1s74g92kjd4qx60nmclfn3-gcc-arm-embedded-12.3.rel1/bin/../lib/gcc/arm-none-eabi/12.3.1/../../../../arm-none-eabi/lib/thumb/v7-m/nofp/libc_nano.a(libc_a-memset.o)
                0x08003ab8                memset
 *(.glue_7)
 .glue_7        0x08003ac8        0x0 linker stubs
 *(.glue_7t)
 .glue_7t       0x08003ac8        0x0 linker stubs
 *(.eh_frame)
 .eh_frame      0x08003ac8        0x0 /nix/store/mkvk7zrbvp1s74g92kjd4qx60nmclfn3-gcc-arm-embedded-12.3.rel1/bin/../lib/gcc/arm-none-eabi/12.3.1/thumb/v7-m/nofp/crtbegin.o
 *(.init)
 .init          0x08003ac8        0x4 /nix/store/mkvk7zrbvp1s74g92kjd4qx60nmclfn3-gcc-arm-embedded-12.3.rel1/bin/../lib/gcc/arm-none-eabi/12.3.1/thumb/v7-m/nofp/crti.o
                0x08003ac8                _init
 .init          0x08003acc        0x8 /nix/store/mkvk7zrbvp1s74g92kjd4qx60nmclfn3-gcc-arm-embedded-12.3.rel1/bin/../lib/gcc/arm-none-eabi/12.3.1/thumb/v7-m/nofp/crtn.o
 *(.fini)
 .fini          0x08003ad4        0x4 /nix/store/mkvk7zrbvp1s74g92kjd4qx60nmclfn3-gcc-arm-embedded-12.3.rel1/bin/../lib/gcc/arm-none-eabi/12.3.1/thumb/v7-m/nofp/crti.o
                0x08003ad4                _fini
 .fini          0x08003ad8        0x8 /nix/store/mkvk7zrbvp1s74g92kjd4qx60nmclfn3-gcc-arm-embedded-12.3.rel1/bin/../lib/gcc/arm-none-eabi/12.3.1/thumb/v7-m/nofp/crtn.o
                0x08003ae0                        . = ALIGN (0x4)
                0x08003ae0                        _etext = .

.vfp11_veneer   0x08003ae0        0x0
 .vfp11_veneer  0x08003ae0        0x0 linker stubs

.v4_bx          0x08003ae0        0x0
 .v4_bx         0x08003ae0        0x0 linker stubs

.iplt           0x08003ae0        0x0
 .iplt          0x08003ae0        0x0 /nix/store/mkvk7zrbvp1s74g92kjd4qx60nmclfn3-gcc-arm-embedded-12.3.rel1/bin/../lib/gcc/arm-none-eabi/12.3.1/thumb/v7-m/nofp/crtbegin.o

.rodata         0x08003ae0     0x33d8
                0x08003ae0                        . = ALIGN (0x4)
 *(.rodata)
 .rodata        0x08003ae0     0x3380 build/main.o
 *(.rodata*)
 .rodata.USBD_FS_ProductStrDescriptor.str1.4
                0x08006e60        0xb build/usbd_desc.o
 *fill*         0x08006e6b        0x1 
 .rodata.USBD_FS_ManufacturerStrDescriptor.str1.4
                0x08006e6c        0xa build/usbd_desc.o
 *fill*         0x08006e76        0x2 
 .rodata.USBD_FS_ConfigStrDescriptor.str1.4
                0x08006e78        0xb build/usbd_desc.o
 *fill*         0x08006e83        0x1 
 .rodata.USBD_FS_InterfaceStrDescriptor.str1.4
                0x08006e84        0xe build/usbd_desc.o
 *fill*         0x08006e92        0x2 
 .rodata.aPredivFactorTable.0
                0x08006e94        0x2 build/stm32f1xx_hal_rcc.o
 *fill*         0x08006e96        0x2 
 .rodata.aPLLMULFactorTable.1
                0x08006e98       0x10 build/stm32f1xx_hal_rcc.o
 .rodata.AHBPrescTable
                0x08006ea8       0x10 build/system_stm32f1xx.o
                0x08006ea8                AHBPrescTable
                0x08006eb8                        . = ALIGN (0x4)

.rel.dyn        0x08006eb8        0x0
 .rel.iplt      0x08006eb8        0x0 /nix/store/mkvk7zrbvp1s74g92kjd4qx60nmclfn3-gcc-arm-embedded-12.3.rel1/bin/../lib/gcc/arm-none-eabi/12.3.1/thumb/v7-m/nofp/crtbegin.o

.ARM.extab
 *(.ARM.extab* .gnu.linkonce.armextab.*)

.ARM            0x08006eb8        0x0
                0x08006eb8                        __exidx_start = .
 *(.ARM.exidx*)
                0x08006eb8                        __exidx_end = .

.preinit_array  0x08006eb8        0x0
                0x08006eb8                        PROVIDE (__preinit_array_start = .)
 *(.preinit_array*)
                0x08006eb8                        PROVIDE (__preinit_array_end = .)

.init_array     0x08006eb8        0x4
                0x08006eb8                        PROVIDE (__init_array_start = .)
 *(SORT_BY_NAME(.init_array.*))
 *(.init_array*)
 .init_array    0x08006eb8        0x4 /nix/store/mkvk7zrbvp1s74g92kjd4qx60nmclfn3-gcc-arm-embedded-12.3.rel1/bin/../lib/gcc/arm-none-eabi/12.3.1/thumb/v7-m/nofp/crtbegin.o
                0x08006ebc                        PROVIDE (__init_array_end = .)

.fini_array     0x08006ebc        0x4
                [!provide]                        PROVIDE (__fini_array_start = .)
 *(SORT_BY_NAME(.fini_array.*))
 *(.fini_array*)
 .fini_array    0x08006ebc        0x4 /nix/store/mkvk7zrbvp1s74g92kjd4qx60nmclfn3-gcc-arm-embedded-12.3.rel1/bin/../lib/gcc/arm-none-eabi/12.3.1/thumb/v7-m/nofp/crtbegin.o
                [!provide]                        PROVIDE (__fini_array_end = .)
                0x08006ec0                        _sidata = LOADADDR (.data)

.data           0x20000000      0x260 load address 0x08006ec0
                0x20000000                        . = ALIGN (0x4)
                0x20000000                        _sdata = .
 *(.data)
 *(.data*)
 .data.USBD_StringSerial
                0x20000000       0x1a build/usbd_desc.o
                0x20000000                USBD_StringSerial
 *fill*         0x2000001a        0x2 
 .data.USBD_LangIDDesc
                0x2000001c        0x4 build/usbd_desc.o
                0x2000001c                USBD_LangIDDesc
 .data.USBD_FS_DeviceDesc
                0x20000020       0x12 build/usbd_desc.o
                0x20000020                USBD_FS_DeviceDesc
 *fill*         0x20000032        0x2 
 .data.FS_Desc  0x20000034       0x1c build/usbd_desc.o
                0x20000034                FS_Desc
 .data.uwTickFreq
                0x20000050        0x1 build/stm32f1xx_hal.o
                0x20000050                uwTickFreq
 *fill*         0x20000051        0x3 
 .data.uwTickPrio
                0x20000054        0x4 build/stm32f1xx_hal.o
                0x20000054                uwTickPrio
 .data.SystemCoreClock
                0x20000058        0x4 build/system_stm32f1xx.o
                0x20000058                SystemCoreClock
 .data.HID_MOUSE_ReportDesc
                0x2000005c       0x4a build/usbd_hid.o
 *fill*         0x200000a6        0x2 
 .data.USBD_HID_DeviceQualifierDesc
                0x200000a8        0xa build/usbd_hid.o
 *fill*         0x200000b2        0x2 
 .data.USBD_HID_Desc
                0x200000b4        0x9 build/usbd_hid.o
 *fill*         0x200000bd        0x3 
 .data.USBD_HID_OtherSpeedCfgDesc
                0x200000c0       0x77 build/usbd_hid.o
 *fill*         0x20000137        0x1 
 .data.USBD_HID_CfgHSDesc
                0x20000138       0x77 build/usbd_hid.o
 *fill*         0x200001af        0x1 
 .data.USBD_HID_CfgFSDesc
                0x200001b0       0x77 build/usbd_hid.o
 *fill*         0x20000227        0x1 
 .data.USBD_HID
                0x20000228       0x38 build/usbd_hid.o
                0x20000228                USBD_HID
                0x20000260                        . = ALIGN (0x4)
                0x20000260                        _edata = .

.tm_clone_table
                0x20000260        0x0 load address 0x08007120
 .tm_clone_table
                0x20000260        0x0 /nix/store/mkvk7zrbvp1s74g92kjd4qx60nmclfn3-gcc-arm-embedded-12.3.rel1/bin/../lib/gcc/arm-none-eabi/12.3.1/thumb/v7-m/nofp/crtbegin.o
 .tm_clone_table
                0x20000260        0x0 /nix/store/mkvk7zrbvp1s74g92kjd4qx60nmclfn3-gcc-arm-embedded-12.3.rel1/bin/../lib/gcc/arm-none-eabi/12.3.1/thumb/v7-m/nofp/crtend.o

.igot.plt       0x20000260        0x0 load address 0x08007120
 .igot.plt      0x20000260        0x0 /nix/store/mkvk7zrbvp1s74g92kjd4qx60nmclfn3-gcc-arm-embedded-12.3.rel1/bin/../lib/gcc/arm-none-eabi/12.3.1/thumb/v7-m/nofp/crtbegin.o
                0x20000260                        . = ALIGN (0x4)

.bss            0x20000260      0x7ec load address 0x08007120
                0x20000260                        _sbss = .
                0x20000260                        __bss_start__ = _sbss
 *(.bss)
 *(.bss*)
 .bss.completed.1
                0x20000260        0x1 /nix/store/mkvk7zrbvp1s74g92kjd4qx60nmclfn3-gcc-arm-embedded-12.3.rel1/bin/../lib/gcc/arm-none-eabi/12.3.1/thumb/v7-m/nofp/crtbegin.o
 *fill*         0x20000261        0x3 
 .bss.object.0  0x20000264       0x18 /nix/store/mkvk7zrbvp1s74g92kjd4qx60nmclfn3-gcc-arm-embedded-12.3.rel1/bin/../lib/gcc/arm-none-eabi/12.3.1/thumb/v7-m/nofp/crtbegin.o
 .bss.hUsbDeviceFS
                0x2000027c      0x2c4 build/usb_device.o
                0x2000027c                hUsbDeviceFS
 .bss.USBD_StrDesc
                0x20000540      0x200 build/usbd_desc.o
                0x20000540                USBD_StrDesc
 .bss.mem.0     0x20000740       0x14 build/usbd_conf.o
 .bss.hpcd_USB_FS
                0x20000754      0x2f0 build/usbd_conf.o
                0x20000754                hpcd_USB_FS
 .bss.uwTick    0x20000a44        0x4 build/stm32f1xx_hal.o
                0x20000a44                uwTick
 .bss.cfgidx.0  0x20000a48        0x1 build/usbd_ctlreq.o
 *(COMMON)
                0x20000a4c                        . = ALIGN (0x4)
 *fill*         0x20000a49        0x3 
                0x20000a4c                        _ebss = .
                0x20000a4c                        __bss_end__ = _ebss

._user_heap_stack
                0x20000a4c      0x604 load address 0x08007120
                0x20000a50                        . = ALIGN (0x8)
 *fill*         0x20000a4c        0x4 
                0x20000a50                        PROVIDE (end = .)
                [!provide]                        PROVIDE (_end = .)
                0x20000c50                        . = (. + _Min_Heap_Size)
 *fill*         0x20000a50      0x200 
                0x20001050                        . = (. + _Min_Stack_Size)
 *fill*         0x20000c50      0x400 
                0x20001050                        . = ALIGN (0x8)

/DISCARD/
 libc.a(*)
 libm.a(*)
 libgcc.a(*)

.ARM.attributes
                0x00000000       0x29
 *(.ARM.attributes)
 .ARM.attributes
                0x00000000       0x1d /nix/store/mkvk7zrbvp1s74g92kjd4qx60nmclfn3-gcc-arm-embedded-12.3.rel1/bin/../lib/gcc/arm-none-eabi/12.3.1/thumb/v7-m/nofp/crti.o
 .ARM.attributes
                0x0000001d       0x2d /nix/store/mkvk7zrbvp1s74g92kjd4qx60nmclfn3-gcc-arm-embedded-12.3.rel1/bin/../lib/gcc/arm-none-eabi/12.3.1/thumb/v7-m/nofp/crtbegin.o
 .ARM.attributes
                0x0000004a       0x2d build/main.o
 .ARM.attributes
                0x00000077       0x2d build/gpio.o
 .ARM.attributes
                0x000000a4       0x2d build/stm32f1xx_it.o
 .ARM.attributes
                0x000000d1       0x2d build/stm32f1xx_hal_msp.o
 .ARM.attributes
                0x000000fe       0x2d build/usb_device.o
 .ARM.attributes
                0x0000012b       0x2d build/usbd_desc.o
 .ARM.attributes
                0x00000158       0x2d build/usbd_conf.o
 .ARM.attributes
                0x00000185       0x2d build/stm32f1xx_hal_pcd.o
 .ARM.attributes
                0x000001b2       0x2d build/stm32f1xx_hal_pcd_ex.o
 .ARM.attributes
                0x000001df       0x2d build/stm32f1xx_ll_usb.o
 .ARM.attributes
                0x0000020c       0x2d build/stm32f1xx_hal.o
 .ARM.attributes
                0x00000239       0x2d build/stm32f1xx_hal_rcc.o
 .ARM.attributes
                0x00000266       0x2d build/stm32f1xx_hal_rcc_ex.o
 .ARM.attributes
                0x00000293       0x2d build/stm32f1xx_hal_cortex.o
 .ARM.attributes
                0x000002c0       0x2d build/system_stm32f1xx.o
 .ARM.attributes
                0x000002ed       0x2d build/usbd_core.o
 .ARM.attributes
                0x0000031a       0x2d build/usbd_ctlreq.o
 .ARM.attributes
                0x00000347       0x2d build/usbd_ioreq.o
 .ARM.attributes
                0x00000374       0x2d build/usbd_hid.o
 .ARM.attributes
                0x000003a1       0x21 build/startup_stm32f103xb.o
 .ARM.attributes
                0x000003c2       0x2d /nix/store/mkvk7zrbvp1s74g92kjd4qx60nmclfn3-gcc-arm-embedded-12.3.rel1/bin/../lib/gcc/arm-none-eabi/12.3.1/../../../../arm-none-eabi/lib/thumb/v7-m/nofp/libc_nano.a(libc_a-init.o)
 .ARM.attributes
                0x000003ef       0x2d /nix/store/mkvk7zrbvp1s74g92kjd4qx60nmclfn3-gcc-arm-embedded-12.3.rel1/bin/../lib/gcc/arm-none-eabi/12.3.1/../../../../arm-none-eabi/lib/thumb/v7-m/nofp/libc_nano.a(libc_a-memcpy-stub.o)
 .ARM.attributes
                0x0000041c       0x2d /nix/store/mkvk7zrbvp1s74g92kjd4qx60nmclfn3-gcc-arm-embedded-12.3.rel1/bin/../lib/gcc/arm-none-eabi/12.3.1/../../../../arm-none-eabi/lib/thumb/v7-m/nofp/libc_nano.a(libc_a-memset.o)
 .ARM.attributes
                0x00000449       0x2d /nix/store/mkvk7zrbvp1s74g92kjd4qx60nmclfn3-gcc-arm-embedded-12.3.rel1/bin/../lib/gcc/arm-none-eabi/12.3.1/thumb/v7-m/nofp/crtend.o
 .ARM.attributes
                0x00000476       0x1d /nix/store/mkvk7zrbvp1s74g92kjd4qx60nmclfn3-gcc-arm-embedded-12.3.rel1/bin/../lib/gcc/arm-none-eabi/12.3.1/thumb/v7-m/nofp/crtn.o
OUTPUT(build/stm32_1914_controller.elf elf32-littlearm)
LOAD linker stubs
LOAD /nix/store/mkvk7zrbvp1s74g92kjd4qx60nmclfn3-gcc-arm-embedded-12.3.rel1/bin/../lib/gcc/arm-none-eabi/12.3.1/../../../../arm-none-eabi/lib/thumb/v7-m/nofp/libc.a
LOAD /nix/store/mkvk7zrbvp1s74g92kjd4qx60nmclfn3-gcc-arm-embedded-12.3.rel1/bin/../lib/gcc/arm-none-eabi/12.3.1/../../../../arm-none-eabi/lib/thumb/v7-m/nofp/libm.a
LOAD /nix/store/mkvk7zrbvp1s74g92kjd4qx60nmclfn3-gcc-arm-embedded-12.3.rel1/bin/../lib/gcc/arm-none-eabi/12.3.1/thumb/v7-m/nofp/libgcc.a

.debug_info     0x00000000     0xe34f
 .debug_info    0x00000000      0xa24 build/main.o
 .debug_info    0x00000a24      0x199 build/gpio.o
 .debug_info    0x00000bbd      0x71d build/stm32f1xx_it.o
 .debug_info    0x000012da      0x238 build/stm32f1xx_hal_msp.o
 .debug_info    0x00001512      0x685 build/usb_device.o
 .debug_info    0x00001b97      0x63c build/usbd_desc.o
 .debug_info    0x000021d3     0x1eec build/usbd_conf.o
 .debug_info    0x000040bf     0x1f56 build/stm32f1xx_hal_pcd.o
 .debug_info    0x00006015      0x7b9 build/stm32f1xx_hal_pcd_ex.o
 .debug_info    0x000067ce     0x1d27 build/stm32f1xx_ll_usb.o
 .debug_info    0x000084f5      0x880 build/stm32f1xx_hal.o
 .debug_info    0x00008d75      0xb10 build/stm32f1xx_hal_rcc.o
 .debug_info    0x00009885      0x47d build/stm32f1xx_hal_rcc_ex.o
 .debug_info    0x00009d02      0xe13 build/stm32f1xx_hal_cortex.o
 .debug_info    0x0000ab15      0x26e build/system_stm32f1xx.o
 .debug_info    0x0000ad83      0xf47 build/usbd_core.o
 .debug_info    0x0000bcca     0x11b1 build/usbd_ctlreq.o
 .debug_info    0x0000ce7b      0x8c3 build/usbd_ioreq.o
 .debug_info    0x0000d73e      0xbe1 build/usbd_hid.o
 .debug_info    0x0000e31f       0x30 build/startup_stm32f103xb.o

.debug_abbrev   0x00000000     0x2971
 .debug_abbrev  0x00000000      0x27f build/main.o
 .debug_abbrev  0x0000027f       0xc1 build/gpio.o
 .debug_abbrev  0x00000340      0x183 build/stm32f1xx_it.o
 .debug_abbrev  0x000004c3       0xe7 build/stm32f1xx_hal_msp.o
 .debug_abbrev  0x000005aa      0x18c build/usb_device.o
 .debug_abbrev  0x00000736      0x23c build/usbd_desc.o
 .debug_abbrev  0x00000972      0x33e build/usbd_conf.o
 .debug_abbrev  0x00000cb0      0x32d build/stm32f1xx_hal_pcd.o
 .debug_abbrev  0x00000fdd      0x184 build/stm32f1xx_hal_pcd_ex.o
 .debug_abbrev  0x00001161      0x262 build/stm32f1xx_ll_usb.o
 .debug_abbrev  0x000013c3      0x232 build/stm32f1xx_hal.o
 .debug_abbrev  0x000015f5      0x2d6 build/stm32f1xx_hal_rcc.o
 .debug_abbrev  0x000018cb      0x1d4 build/stm32f1xx_hal_rcc_ex.o
 .debug_abbrev  0x00001a9f      0x3aa build/stm32f1xx_hal_cortex.o
 .debug_abbrev  0x00001e49      0x140 build/system_stm32f1xx.o
 .debug_abbrev  0x00001f89      0x2ae build/usbd_core.o
 .debug_abbrev  0x00002237      0x2ec build/usbd_ctlreq.o
 .debug_abbrev  0x00002523      0x18e build/usbd_ioreq.o
 .debug_abbrev  0x000026b1      0x2a3 build/usbd_hid.o
 .debug_abbrev  0x00002954       0x1d build/startup_stm32f103xb.o

.debug_loc      0x00000000     0x8be1
 .debug_loc     0x00000000       0xa5 build/main.o
 .debug_loc     0x000000a5       0x2c build/gpio.o
 .debug_loc     0x000000d1       0x40 build/stm32f1xx_it.o
 .debug_loc     0x00000111       0x41 build/stm32f1xx_hal_msp.o
 .debug_loc     0x00000152       0x20 build/usb_device.o
 .debug_loc     0x00000172      0x47b build/usbd_desc.o
 .debug_loc     0x000005ed      0xefc build/usbd_conf.o
 .debug_loc     0x000014e9     0x18cc build/stm32f1xx_hal_pcd.o
 .debug_loc     0x00002db5      0x12a build/stm32f1xx_hal_pcd_ex.o
 .debug_loc     0x00002edf     0x1a41 build/stm32f1xx_ll_usb.o
 .debug_loc     0x00004920      0x1e1 build/stm32f1xx_hal.o
 .debug_loc     0x00004b01      0x790 build/stm32f1xx_hal_rcc.o
 .debug_loc     0x00005291      0x495 build/stm32f1xx_hal_rcc_ex.o
 .debug_loc     0x00005726      0x782 build/stm32f1xx_hal_cortex.o
 .debug_loc     0x00005ea8       0xff build/system_stm32f1xx.o
 .debug_loc     0x00005fa7      0xaf6 build/usbd_core.o
 .debug_loc     0x00006a9d     0x1631 build/usbd_ctlreq.o
 .debug_loc     0x000080ce      0x364 build/usbd_ioreq.o
 .debug_loc     0x00008432      0x7af build/usbd_hid.o

.debug_aranges  0x00000000      0x988
 .debug_aranges
                0x00000000       0x30 build/main.o
 .debug_aranges
                0x00000030       0x20 build/gpio.o
 .debug_aranges
                0x00000050       0x68 build/stm32f1xx_it.o
 .debug_aranges
                0x000000b8       0x20 build/stm32f1xx_hal_msp.o
 .debug_aranges
                0x000000d8       0x20 build/usb_device.o
 .debug_aranges
                0x000000f8       0x60 build/usbd_desc.o
 .debug_aranges
                0x00000158      0x118 build/usbd_conf.o
 .debug_aranges
                0x00000270      0x140 build/stm32f1xx_hal_pcd.o
 .debug_aranges
                0x000003b0       0x38 build/stm32f1xx_hal_pcd_ex.o
 .debug_aranges
                0x000003e8       0xf8 build/stm32f1xx_ll_usb.o
 .debug_aranges
                0x000004e0       0xe0 build/stm32f1xx_hal.o
 .debug_aranges
                0x000005c0       0x90 build/stm32f1xx_hal_rcc.o
 .debug_aranges
                0x00000650       0x30 build/stm32f1xx_hal_rcc_ex.o
 .debug_aranges
                0x00000680       0xc0 build/stm32f1xx_hal_cortex.o
 .debug_aranges
                0x00000740       0x28 build/system_stm32f1xx.o
 .debug_aranges
                0x00000768       0xb8 build/usbd_core.o
 .debug_aranges
                0x00000820       0x88 build/usbd_ctlreq.o
 .debug_aranges
                0x000008a8       0x50 build/usbd_ioreq.o
 .debug_aranges
                0x000008f8       0x68 build/usbd_hid.o
 .debug_aranges
                0x00000960       0x28 build/startup_stm32f103xb.o

.debug_ranges   0x00000000      0xba0
 .debug_ranges  0x00000000       0x20 build/main.o
 .debug_ranges  0x00000020       0x10 build/gpio.o
 .debug_ranges  0x00000030       0x58 build/stm32f1xx_it.o
 .debug_ranges  0x00000088       0x10 build/stm32f1xx_hal_msp.o
 .debug_ranges  0x00000098       0x10 build/usb_device.o
 .debug_ranges  0x000000a8       0x50 build/usbd_desc.o
 .debug_ranges  0x000000f8      0x108 build/usbd_conf.o
 .debug_ranges  0x00000200      0x210 build/stm32f1xx_hal_pcd.o
 .debug_ranges  0x00000410       0x28 build/stm32f1xx_hal_pcd_ex.o
 .debug_ranges  0x00000438      0x320 build/stm32f1xx_ll_usb.o
 .debug_ranges  0x00000758       0xd0 build/stm32f1xx_hal.o
 .debug_ranges  0x00000828       0xa0 build/stm32f1xx_hal_rcc.o
 .debug_ranges  0x000008c8       0x38 build/stm32f1xx_hal_rcc_ex.o
 .debug_ranges  0x00000900       0xb0 build/stm32f1xx_hal_cortex.o
 .debug_ranges  0x000009b0       0x18 build/system_stm32f1xx.o
 .debug_ranges  0x000009c8       0xa8 build/usbd_core.o
 .debug_ranges  0x00000a70       0x78 build/usbd_ctlreq.o
 .debug_ranges  0x00000ae8       0x40 build/usbd_ioreq.o
 .debug_ranges  0x00000b28       0x58 build/usbd_hid.o
 .debug_ranges  0x00000b80       0x20 build/startup_stm32f103xb.o

.debug_line     0x00000000     0x86bf
 .debug_line    0x00000000      0x3bc build/main.o
 .debug_line    0x000003bc      0x175 build/gpio.o
 .debug_line    0x00000531      0x2f6 build/stm32f1xx_it.o
 .debug_line    0x00000827      0x189 build/stm32f1xx_hal_msp.o
 .debug_line    0x000009b0      0x217 build/usb_device.o
 .debug_line    0x00000bc7      0x374 build/usbd_desc.o
 .debug_line    0x00000f3b      0x7c4 build/usbd_conf.o
 .debug_line    0x000016ff     0x19f6 build/stm32f1xx_hal_pcd.o
 .debug_line    0x000030f5      0x29f build/stm32f1xx_hal_pcd_ex.o
 .debug_line    0x00003394     0x1956 build/stm32f1xx_ll_usb.o
 .debug_line    0x00004cea      0x53a build/stm32f1xx_hal.o
 .debug_line    0x00005224      0xc22 build/stm32f1xx_hal_rcc.o
 .debug_line    0x00005e46      0x497 build/stm32f1xx_hal_rcc_ex.o
 .debug_line    0x000062dd      0x6dd build/stm32f1xx_hal_cortex.o
 .debug_line    0x000069ba      0x252 build/system_stm32f1xx.o
 .debug_line    0x00006c0c      0x739 build/usbd_core.o
 .debug_line    0x00007345      0xb21 build/usbd_ctlreq.o
 .debug_line    0x00007e66      0x2b0 build/usbd_ioreq.o
 .debug_line    0x00008116      0x535 build/usbd_hid.o
 .debug_line    0x0000864b       0x74 build/startup_stm32f103xb.o

.debug_str      0x00000000     0x2a23
 .debug_str     0x00000000      0x73c build/main.o
                                0x7f6 (size before relaxing)
 .debug_str     0x0000073c       0x56 build/gpio.o
                                0x1d8 (size before relaxing)
 .debug_str     0x00000792      0x40d build/stm32f1xx_it.o
                                0x5d4 (size before relaxing)
 .debug_str     0x00000b9f       0x4d build/stm32f1xx_hal_msp.o
                                0x212 (size before relaxing)
 .debug_str     0x00000bec       0x84 build/usb_device.o
                                0x5d8 (size before relaxing)
 .debug_str     0x00000c70      0x181 build/usbd_desc.o
                                0x444 (size before relaxing)
 .debug_str     0x00000df1      0x861 build/usbd_conf.o
                               0x1199 (size before relaxing)
 .debug_str     0x00001652      0x362 build/stm32f1xx_hal_pcd.o
                                0xb0b (size before relaxing)
 .debug_str     0x000019b4      0x159 build/stm32f1xx_hal_pcd_ex.o
                                0x6bb (size before relaxing)
 .debug_str     0x00001b0d      0x126 build/stm32f1xx_ll_usb.o
                                0x70d (size before relaxing)
 .debug_str     0x00001c33      0x2ff build/stm32f1xx_hal.o
                                0x821 (size before relaxing)
 .debug_str     0x00001f32      0x239 build/stm32f1xx_hal_rcc.o
                                0x61e (size before relaxing)
 .debug_str     0x0000216b       0x9c build/stm32f1xx_hal_rcc_ex.o
                                0x3c6 (size before relaxing)
 .debug_str     0x00002207      0x315 build/stm32f1xx_hal_cortex.o
                                0x8c6 (size before relaxing)
 .debug_str     0x0000251c       0x4f build/system_stm32f1xx.o
                                0x247 (size before relaxing)
 .debug_str     0x0000256b      0x13e build/usbd_core.o
                                0x824 (size before relaxing)
 .debug_str     0x000026a9       0xe2 build/usbd_ctlreq.o
                                0x73e (size before relaxing)
 .debug_str     0x0000278b       0x60 build/usbd_ioreq.o
                                0x66b (size before relaxing)
 .debug_str     0x000027eb      0x206 build/usbd_hid.o
                                0x80f (size before relaxing)
 .debug_str     0x000029f1       0x32 build/startup_stm32f103xb.o
                                 0x7e (size before relaxing)

.comment        0x00000000       0x45
 .comment       0x00000000       0x45 build/main.o
                                 0x46 (size before relaxing)
 .comment       0x00000045       0x46 build/gpio.o
 .comment       0x00000045       0x46 build/stm32f1xx_it.o
 .comment       0x00000045       0x46 build/stm32f1xx_hal_msp.o
 .comment       0x00000045       0x46 build/usb_device.o
 .comment       0x00000045       0x46 build/usbd_desc.o
 .comment       0x00000045       0x46 build/usbd_conf.o
 .comment       0x00000045       0x46 build/stm32f1xx_hal_pcd.o
 .comment       0x00000045       0x46 build/stm32f1xx_hal_pcd_ex.o
 .comment       0x00000045       0x46 build/stm32f1xx_ll_usb.o
 .comment       0x00000045       0x46 build/stm32f1xx_hal.o
 .comment       0x00000045       0x46 build/stm32f1xx_hal_rcc.o
 .comment       0x00000045       0x46 build/stm32f1xx_hal_rcc_ex.o
 .comment       0x00000045       0x46 build/stm32f1xx_hal_cortex.o
 .comment       0x00000045       0x46 build/system_stm32f1xx.o
 .comment       0x00000045       0x46 build/usbd_core.o
 .comment       0x00000045       0x46 build/usbd_ctlreq.o
 .comment       0x00000045       0x46 build/usbd_ioreq.o
 .comment       0x00000045       0x46 build/usbd_hid.o

.debug_frame    0x00000000     0x15d0
 .debug_frame   0x00000000       0x60 build/main.o
 .debug_frame   0x00000060       0x28 build/gpio.o
 .debug_frame   0x00000088       0xc0 build/stm32f1xx_it.o
 .debug_frame   0x00000148       0x28 build/stm32f1xx_hal_msp.o
 .debug_frame   0x00000170       0x28 build/usb_device.o
 .debug_frame   0x00000198       0xe0 build/usbd_desc.o
 .debug_frame   0x00000278      0x2ec build/usbd_conf.o
 .debug_frame   0x00000564      0x360 build/stm32f1xx_hal_pcd.o
 .debug_frame   0x000008c4       0x50 build/stm32f1xx_hal_pcd_ex.o
 .debug_frame   0x00000914      0x200 build/stm32f1xx_ll_usb.o
 .debug_frame   0x00000b14      0x1cc build/stm32f1xx_hal.o
 .debug_frame   0x00000ce0      0x184 build/stm32f1xx_hal_rcc.o
 .debug_frame   0x00000e64       0x5c build/stm32f1xx_hal_rcc_ex.o
 .debug_frame   0x00000ec0      0x19c build/stm32f1xx_hal_cortex.o
 .debug_frame   0x0000105c       0x30 build/system_stm32f1xx.o
 .debug_frame   0x0000108c      0x1c4 build/usbd_core.o
 .debug_frame   0x00001250      0x178 build/usbd_ctlreq.o
 .debug_frame   0x000013c8       0xb8 build/usbd_ioreq.o
 .debug_frame   0x00001480       0xdc build/usbd_hid.o
 .debug_frame   0x0000155c       0x2c /nix/store/mkvk7zrbvp1s74g92kjd4qx60nmclfn3-gcc-arm-embedded-12.3.rel1/bin/../lib/gcc/arm-none-eabi/12.3.1/../../../../arm-none-eabi/lib/thumb/v7-m/nofp/libc_nano.a(libc_a-init.o)
 .debug_frame   0x00001588       0x28 /nix/store/mkvk7zrbvp1s74g92kjd4qx60nmclfn3-gcc-arm-embedded-12.3.rel1/bin/../lib/gcc/arm-none-eabi/12.3.1/../../../../arm-none-eabi/lib/thumb/v7-m/nofp/libc_nano.a(libc_a-memcpy-stub.o)
 .debug_frame   0x000015b0       0x20 /nix/store/mkvk7zrbvp1s74g92kjd4qx60nmclfn3-gcc-arm-embedded-12.3.rel1/bin/../lib/gcc/arm-none-eabi/12.3.1/../../../../arm-none-eabi/lib/thumb/v7-m/nofp/libc_nano.a(libc_a-memset.o)

Cross Reference Table

Symbol                                            File
ADC1_2_IRQHandler                                 build/startup_stm32f103xb.o
AHBPrescTable                                     build/system_stm32f1xx.o
                                                  build/stm32f1xx_hal_rcc.o
APBPrescTable                                     build/system_stm32f1xx.o
                                                  build/stm32f1xx_hal_rcc.o
BusFault_Handler                                  build/stm32f1xx_it.o
CAN1_RX1_IRQHandler                               build/startup_stm32f103xb.o
CAN1_SCE_IRQHandler                               build/startup_stm32f103xb.o
DMA1_Channel1_IRQHandler                          build/startup_stm32f103xb.o
DMA1_Channel2_IRQHandler                          build/startup_stm32f103xb.o
DMA1_Channel3_IRQHandler                          build/startup_stm32f103xb.o
DMA1_Channel4_IRQHandler                          build/startup_stm32f103xb.o
DMA1_Channel5_IRQHandler                          build/startup_stm32f103xb.o
DMA1_Channel6_IRQHandler                          build/startup_stm32f103xb.o
DMA1_Channel7_IRQHandler                          build/startup_stm32f103xb.o
DebugMon_Handler                                  build/stm32f1xx_it.o
Default_Handler                                   build/startup_stm32f103xb.o
EXTI0_IRQHandler                                  build/startup_stm32f103xb.o
EXTI15_10_IRQHandler                              build/startup_stm32f103xb.o
EXTI1_IRQHandler                                  build/startup_stm32f103xb.o
EXTI2_IRQHandler                                  build/startup_stm32f103xb.o
EXTI3_IRQHandler                                  build/startup_stm32f103xb.o
EXTI4_IRQHandler                                  build/startup_stm32f103xb.o
EXTI9_5_IRQHandler                                build/startup_stm32f103xb.o
Error_Handler                                     build/main.o
                                                  build/usbd_conf.o
                                                  build/usb_device.o
FLASH_IRQHandler                                  build/startup_stm32f103xb.o
FLASH_PageErase                                   build/stm32f1xx_hal_flash_ex.o
                                                  build/stm32f1xx_hal_flash.o
FLASH_WaitForLastOperation                        build/stm32f1xx_hal_flash.o
                                                  build/stm32f1xx_hal_flash_ex.o
FS_Desc                                           build/usbd_desc.o
                                                  build/usb_device.o
HAL_DBGMCU_DisableDBGSleepMode                    build/stm32f1xx_hal.o
HAL_DBGMCU_DisableDBGStandbyMode                  build/stm32f1xx_hal.o
HAL_DBGMCU_DisableDBGStopMode                     build/stm32f1xx_hal.o
HAL_DBGMCU_EnableDBGSleepMode                     build/stm32f1xx_hal.o
HAL_DBGMCU_EnableDBGStandbyMode                   build/stm32f1xx_hal.o
HAL_DBGMCU_EnableDBGStopMode                      build/stm32f1xx_hal.o
HAL_DMA_Abort                                     build/stm32f1xx_hal_dma.o
HAL_DMA_Abort_IT                                  build/stm32f1xx_hal_dma.o
HAL_DMA_DeInit                                    build/stm32f1xx_hal_dma.o
HAL_DMA_GetError                                  build/stm32f1xx_hal_dma.o
HAL_DMA_GetState                                  build/stm32f1xx_hal_dma.o
HAL_DMA_IRQHandler                                build/stm32f1xx_hal_dma.o
HAL_DMA_Init                                      build/stm32f1xx_hal_dma.o
HAL_DMA_PollForTransfer                           build/stm32f1xx_hal_dma.o
HAL_DMA_RegisterCallback                          build/stm32f1xx_hal_dma.o
HAL_DMA_Start                                     build/stm32f1xx_hal_dma.o
HAL_DMA_Start_IT                                  build/stm32f1xx_hal_dma.o
HAL_DMA_UnRegisterCallback                        build/stm32f1xx_hal_dma.o
HAL_DeInit                                        build/stm32f1xx_hal.o
HAL_Delay                                         build/stm32f1xx_hal.o
                                                  build/usbd_conf.o
                                                  build/main.o
HAL_EXTI_ClearConfigLine                          build/stm32f1xx_hal_exti.o
HAL_EXTI_ClearPending                             build/stm32f1xx_hal_exti.o
HAL_EXTI_GenerateSWI                              build/stm32f1xx_hal_exti.o
HAL_EXTI_GetConfigLine                            build/stm32f1xx_hal_exti.o
HAL_EXTI_GetHandle                                build/stm32f1xx_hal_exti.o
HAL_EXTI_GetPending                               build/stm32f1xx_hal_exti.o
HAL_EXTI_IRQHandler                               build/stm32f1xx_hal_exti.o
HAL_EXTI_RegisterCallback                         build/stm32f1xx_hal_exti.o
HAL_EXTI_SetConfigLine                            build/stm32f1xx_hal_exti.o
HAL_FLASHEx_Erase                                 build/stm32f1xx_hal_flash_ex.o
HAL_FLASHEx_Erase_IT                              build/stm32f1xx_hal_flash_ex.o
HAL_FLASHEx_OBErase                               build/stm32f1xx_hal_flash_ex.o
HAL_FLASHEx_OBGetConfig                           build/stm32f1xx_hal_flash_ex.o
HAL_FLASHEx_OBGetUserData                         build/stm32f1xx_hal_flash_ex.o
HAL_FLASHEx_OBProgram                             build/stm32f1xx_hal_flash_ex.o
HAL_FLASH_EndOfOperationCallback                  build/stm32f1xx_hal_flash.o
HAL_FLASH_GetError                                build/stm32f1xx_hal_flash.o
HAL_FLASH_IRQHandler                              build/stm32f1xx_hal_flash.o
HAL_FLASH_Lock                                    build/stm32f1xx_hal_flash.o
HAL_FLASH_OB_Launch                               build/stm32f1xx_hal_flash.o
HAL_FLASH_OB_Lock                                 build/stm32f1xx_hal_flash.o
HAL_FLASH_OB_Unlock                               build/stm32f1xx_hal_flash.o
HAL_FLASH_OperationErrorCallback                  build/stm32f1xx_hal_flash.o
HAL_FLASH_Program                                 build/stm32f1xx_hal_flash.o
HAL_FLASH_Program_IT                              build/stm32f1xx_hal_flash.o
HAL_FLASH_Unlock                                  build/stm32f1xx_hal_flash.o
HAL_GPIOEx_ConfigEventout                         build/stm32f1xx_hal_gpio_ex.o
HAL_GPIOEx_DisableEventout                        build/stm32f1xx_hal_gpio_ex.o
HAL_GPIOEx_EnableEventout                         build/stm32f1xx_hal_gpio_ex.o
HAL_GPIO_DeInit                                   build/stm32f1xx_hal_gpio.o
HAL_GPIO_EXTI_Callback                            build/stm32f1xx_hal_gpio.o
HAL_GPIO_EXTI_IRQHandler                          build/stm32f1xx_hal_gpio.o
HAL_GPIO_Init                                     build/stm32f1xx_hal_gpio.o
                                                  build/stm32f1xx_hal_rcc.o
HAL_GPIO_LockPin                                  build/stm32f1xx_hal_gpio.o
HAL_GPIO_ReadPin                                  build/stm32f1xx_hal_gpio.o
HAL_GPIO_TogglePin                                build/stm32f1xx_hal_gpio.o
HAL_GPIO_WritePin                                 build/stm32f1xx_hal_gpio.o
HAL_GetDEVID                                      build/stm32f1xx_hal.o
HAL_GetHalVersion                                 build/stm32f1xx_hal.o
HAL_GetREVID                                      build/stm32f1xx_hal.o
HAL_GetTick                                       build/stm32f1xx_hal.o
                                                  build/stm32f1xx_hal_flash.o
                                                  build/stm32f1xx_hal_dma.o
                                                  build/stm32f1xx_hal_rcc_ex.o
                                                  build/stm32f1xx_hal_rcc.o
HAL_GetTickFreq                                   build/stm32f1xx_hal.o
HAL_GetTickPrio                                   build/stm32f1xx_hal.o
HAL_GetUIDw0                                      build/stm32f1xx_hal.o
HAL_GetUIDw1                                      build/stm32f1xx_hal.o
HAL_GetUIDw2                                      build/stm32f1xx_hal.o
HAL_IncTick                                       build/stm32f1xx_hal.o
                                                  build/stm32f1xx_it.o
HAL_Init                                          build/stm32f1xx_hal.o
                                                  build/main.o
HAL_InitTick                                      build/stm32f1xx_hal.o
                                                  build/stm32f1xx_hal_rcc.o
HAL_MspDeInit                                     build/stm32f1xx_hal.o
HAL_MspInit                                       build/stm32f1xx_hal_msp.o
HAL_NVIC_ClearPendingIRQ                          build/stm32f1xx_hal_cortex.o
HAL_NVIC_DisableIRQ                               build/stm32f1xx_hal_cortex.o
                                                  build/usbd_conf.o
HAL_NVIC_EnableIRQ                                build/stm32f1xx_hal_cortex.o
                                                  build/usbd_conf.o
HAL_NVIC_GetActive                                build/stm32f1xx_hal_cortex.o
HAL_NVIC_GetPendingIRQ                            build/stm32f1xx_hal_cortex.o
HAL_NVIC_GetPriority                              build/stm32f1xx_hal_cortex.o
HAL_NVIC_GetPriorityGrouping                      build/stm32f1xx_hal_cortex.o
HAL_NVIC_SetPendingIRQ                            build/stm32f1xx_hal_cortex.o
HAL_NVIC_SetPriority                              build/stm32f1xx_hal_cortex.o
                                                  build/stm32f1xx_hal.o
                                                  build/usbd_conf.o
HAL_NVIC_SetPriorityGrouping                      build/stm32f1xx_hal_cortex.o
                                                  build/stm32f1xx_hal.o
HAL_NVIC_SystemReset                              build/stm32f1xx_hal_cortex.o
                                                  build/stm32f1xx_hal_flash.o
HAL_PCDEx_BCD_Callback                            build/stm32f1xx_hal_pcd_ex.o
HAL_PCDEx_LPM_Callback                            build/stm32f1xx_hal_pcd_ex.o
HAL_PCDEx_PMAConfig                               build/stm32f1xx_hal_pcd_ex.o
                                                  build/usbd_conf.o
HAL_PCDEx_SetConnectionState                      build/usbd_conf.o
                                                  build/stm32f1xx_hal_pcd.o
HAL_PCD_ActivateRemoteWakeup                      build/stm32f1xx_hal_pcd.o
HAL_PCD_ConnectCallback                           build/usbd_conf.o
HAL_PCD_DataInStageCallback                       build/usbd_conf.o
HAL_PCD_DataOutStageCallback                      build/usbd_conf.o
HAL_PCD_DeActivateRemoteWakeup                    build/stm32f1xx_hal_pcd.o
HAL_PCD_DeInit                                    build/stm32f1xx_hal_pcd.o
                                                  build/usbd_conf.o
HAL_PCD_DevConnect                                build/stm32f1xx_hal_pcd.o
HAL_PCD_DevDisconnect                             build/stm32f1xx_hal_pcd.o
HAL_PCD_DisconnectCallback                        build/usbd_conf.o
HAL_PCD_EP_Abort                                  build/stm32f1xx_hal_pcd.o
HAL_PCD_EP_Close                                  build/stm32f1xx_hal_pcd.o
                                                  build/usbd_conf.o
HAL_PCD_EP_ClrStall                               build/stm32f1xx_hal_pcd.o
                                                  build/usbd_conf.o
HAL_PCD_EP_Flush                                  build/stm32f1xx_hal_pcd.o
                                                  build/usbd_conf.o
HAL_PCD_EP_GetRxCount                             build/stm32f1xx_hal_pcd.o
                                                  build/usbd_conf.o
HAL_PCD_EP_Open                                   build/stm32f1xx_hal_pcd.o
                                                  build/usbd_conf.o
HAL_PCD_EP_Receive                                build/stm32f1xx_hal_pcd.o
                                                  build/usbd_conf.o
HAL_PCD_EP_SetStall                               build/stm32f1xx_hal_pcd.o
                                                  build/usbd_conf.o
HAL_PCD_EP_Transmit                               build/stm32f1xx_hal_pcd.o
                                                  build/usbd_conf.o
HAL_PCD_GetState                                  build/stm32f1xx_hal_pcd.o
HAL_PCD_IRQHandler                                build/stm32f1xx_hal_pcd.o
                                                  build/stm32f1xx_it.o
HAL_PCD_ISOINIncompleteCallback                   build/usbd_conf.o
HAL_PCD_ISOOUTIncompleteCallback                  build/usbd_conf.o
HAL_PCD_Init                                      build/stm32f1xx_hal_pcd.o
                                                  build/usbd_conf.o
HAL_PCD_MspDeInit                                 build/usbd_conf.o
HAL_PCD_MspInit                                   build/usbd_conf.o
HAL_PCD_ResetCallback                             build/usbd_conf.o
HAL_PCD_ResumeCallback                            build/usbd_conf.o
HAL_PCD_SOFCallback                               build/usbd_conf.o
HAL_PCD_SetAddress                                build/stm32f1xx_hal_pcd.o
                                                  build/usbd_conf.o
HAL_PCD_SetupStageCallback                        build/usbd_conf.o
HAL_PCD_Start                                     build/stm32f1xx_hal_pcd.o
                                                  build/usbd_conf.o
HAL_PCD_Stop                                      build/stm32f1xx_hal_pcd.o
                                                  build/usbd_conf.o
HAL_PCD_SuspendCallback                           build/usbd_conf.o
HAL_PCD_WKUP_IRQHandler                           build/stm32f1xx_hal_pcd.o
HAL_PWR_ConfigPVD                                 build/stm32f1xx_hal_pwr.o
HAL_PWR_DeInit                                    build/stm32f1xx_hal_pwr.o
HAL_PWR_DisableBkUpAccess                         build/stm32f1xx_hal_pwr.o
HAL_PWR_DisablePVD                                build/stm32f1xx_hal_pwr.o
HAL_PWR_DisableSEVOnPend                          build/stm32f1xx_hal_pwr.o
HAL_PWR_DisableSleepOnExit                        build/stm32f1xx_hal_pwr.o
HAL_PWR_DisableWakeUpPin                          build/stm32f1xx_hal_pwr.o
HAL_PWR_EnableBkUpAccess                          build/stm32f1xx_hal_pwr.o
HAL_PWR_EnablePVD                                 build/stm32f1xx_hal_pwr.o
HAL_PWR_EnableSEVOnPend                           build/stm32f1xx_hal_pwr.o
HAL_PWR_EnableSleepOnExit                         build/stm32f1xx_hal_pwr.o
HAL_PWR_EnableWakeUpPin                           build/stm32f1xx_hal_pwr.o
HAL_PWR_EnterSLEEPMode                            build/stm32f1xx_hal_pwr.o
HAL_PWR_EnterSTANDBYMode                          build/stm32f1xx_hal_pwr.o
HAL_PWR_EnterSTOPMode                             build/stm32f1xx_hal_pwr.o
HAL_PWR_PVDCallback                               build/stm32f1xx_hal_pwr.o
HAL_PWR_PVD_IRQHandler                            build/stm32f1xx_hal_pwr.o
HAL_RCCEx_GetPeriphCLKConfig                      build/stm32f1xx_hal_rcc_ex.o
HAL_RCCEx_GetPeriphCLKFreq                        build/stm32f1xx_hal_rcc_ex.o
HAL_RCCEx_PeriphCLKConfig                         build/stm32f1xx_hal_rcc_ex.o
                                                  build/main.o
HAL_RCC_CSSCallback                               build/stm32f1xx_hal_rcc.o
HAL_RCC_ClockConfig                               build/stm32f1xx_hal_rcc.o
                                                  build/main.o
HAL_RCC_DeInit                                    build/stm32f1xx_hal_rcc.o
HAL_RCC_DisableCSS                                build/stm32f1xx_hal_rcc.o
HAL_RCC_EnableCSS                                 build/stm32f1xx_hal_rcc.o
HAL_RCC_GetClockConfig                            build/stm32f1xx_hal_rcc.o
HAL_RCC_GetHCLKFreq                               build/stm32f1xx_hal_rcc.o
HAL_RCC_GetOscConfig                              build/stm32f1xx_hal_rcc.o
HAL_RCC_GetPCLK1Freq                              build/stm32f1xx_hal_rcc.o
HAL_RCC_GetPCLK2Freq                              build/stm32f1xx_hal_rcc.o
                                                  build/stm32f1xx_hal_rcc_ex.o
HAL_RCC_GetSysClockFreq                           build/stm32f1xx_hal_rcc.o
HAL_RCC_MCOConfig                                 build/stm32f1xx_hal_rcc.o
HAL_RCC_NMI_IRQHandler                            build/stm32f1xx_hal_rcc.o
HAL_RCC_OscConfig                                 build/stm32f1xx_hal_rcc.o
                                                  build/main.o
HAL_ResumeTick                                    build/stm32f1xx_hal.o
HAL_SYSTICK_CLKSourceConfig                       build/stm32f1xx_hal_cortex.o
HAL_SYSTICK_Callback                              build/stm32f1xx_hal_cortex.o
HAL_SYSTICK_Config                                build/stm32f1xx_hal_cortex.o
                                                  build/stm32f1xx_hal.o
HAL_SYSTICK_IRQHandler                            build/stm32f1xx_hal_cortex.o
HAL_SetTickFreq                                   build/stm32f1xx_hal.o
HAL_SuspendTick                                   build/stm32f1xx_hal.o
HardFault_Handler                                 build/stm32f1xx_it.o
I2C1_ER_IRQHandler                                build/startup_stm32f103xb.o
I2C1_EV_IRQHandler                                build/startup_stm32f103xb.o
I2C2_ER_IRQHandler                                build/startup_stm32f103xb.o
I2C2_EV_IRQHandler                                build/startup_stm32f103xb.o
MX_GPIO_Init                                      build/gpio.o
                                                  build/main.o
MX_USB_DEVICE_Init                                build/usb_device.o
                                                  build/main.o
MemManage_Handler                                 build/stm32f1xx_it.o
NMI_Handler                                       build/stm32f1xx_it.o
PVD_IRQHandler                                    build/startup_stm32f103xb.o
PendSV_Handler                                    build/stm32f1xx_it.o
RCC_IRQHandler                                    build/startup_stm32f103xb.o
RTC_Alarm_IRQHandler                              build/startup_stm32f103xb.o
RTC_IRQHandler                                    build/startup_stm32f103xb.o
Reset_Handler                                     build/startup_stm32f103xb.o
SPI1_IRQHandler                                   build/startup_stm32f103xb.o
SPI2_IRQHandler                                   build/startup_stm32f103xb.o
SVC_Handler                                       build/stm32f1xx_it.o
SysTick_Handler                                   build/stm32f1xx_it.o
SystemClock_Config                                build/main.o
SystemCoreClock                                   build/system_stm32f1xx.o
                                                  build/stm32f1xx_hal_rcc.o
                                                  build/stm32f1xx_hal.o
SystemCoreClockUpdate                             build/system_stm32f1xx.o
SystemInit                                        build/system_stm32f1xx.o
                                                  build/startup_stm32f103xb.o
TAMPER_IRQHandler                                 build/startup_stm32f103xb.o
TIM1_BRK_IRQHandler                               build/startup_stm32f103xb.o
TIM1_CC_IRQHandler                                build/startup_stm32f103xb.o
TIM1_TRG_COM_IRQHandler                           build/startup_stm32f103xb.o
TIM1_UP_IRQHandler                                build/startup_stm32f103xb.o
TIM2_IRQHandler                                   build/startup_stm32f103xb.o
TIM3_IRQHandler                                   build/startup_stm32f103xb.o
TIM4_IRQHandler                                   build/startup_stm32f103xb.o
USART1_IRQHandler                                 build/startup_stm32f103xb.o
USART2_IRQHandler                                 build/startup_stm32f103xb.o
USART3_IRQHandler                                 build/startup_stm32f103xb.o
USBD_ClrClassConfig                               build/usbd_core.o
                                                  build/usbd_ctlreq.o
USBD_CtlContinueRx                                build/usbd_ioreq.o
                                                  build/usbd_core.o
USBD_CtlContinueSendData                          build/usbd_ioreq.o
                                                  build/usbd_core.o
USBD_CtlError                                     build/usbd_ctlreq.o
                                                  build/usbd_hid.o
USBD_CtlPrepareRx                                 build/usbd_ioreq.o
USBD_CtlReceiveStatus                             build/usbd_ioreq.o
                                                  build/usbd_core.o
USBD_CtlSendData                                  build/usbd_ioreq.o
                                                  build/usbd_hid.o
                                                  build/usbd_ctlreq.o
USBD_CtlSendStatus                                build/usbd_ioreq.o
                                                  build/usbd_ctlreq.o
                                                  build/usbd_core.o
USBD_DeInit                                       build/usbd_core.o
USBD_FS_ConfigStrDescriptor                       build/usbd_desc.o
USBD_FS_DeviceDesc                                build/usbd_desc.o
USBD_FS_DeviceDescriptor                          build/usbd_desc.o
USBD_FS_InterfaceStrDescriptor                    build/usbd_desc.o
USBD_FS_LangIDStrDescriptor                       build/usbd_desc.o
USBD_FS_ManufacturerStrDescriptor                 build/usbd_desc.o
USBD_FS_ProductStrDescriptor                      build/usbd_desc.o
USBD_FS_SerialStrDescriptor                       build/usbd_desc.o
USBD_GetRxCount                                   build/usbd_ioreq.o
USBD_GetString                                    build/usbd_ctlreq.o
                                                  build/usbd_desc.o
USBD_HID                                          build/usbd_hid.o
                                                  build/usb_device.o
USBD_HID_GetPollingInterval                       build/usbd_hid.o
USBD_HID_SendReport                               build/usbd_hid.o
                                                  build/main.o
USBD_Init                                         build/usbd_core.o
                                                  build/usb_device.o
USBD_LL_ClearStallEP                              build/usbd_conf.o
                                                  build/usbd_ctlreq.o
USBD_LL_CloseEP                                   build/usbd_conf.o
                                                  build/usbd_hid.o
USBD_LL_DataInStage                               build/usbd_core.o
                                                  build/usbd_conf.o
USBD_LL_DataOutStage                              build/usbd_core.o
                                                  build/usbd_conf.o
USBD_LL_DeInit                                    build/usbd_conf.o
                                                  build/usbd_core.o
USBD_LL_Delay                                     build/usbd_conf.o
USBD_LL_DevConnected                              build/usbd_core.o
                                                  build/usbd_conf.o
USBD_LL_DevDisconnected                           build/usbd_core.o
                                                  build/usbd_conf.o
USBD_LL_FlushEP                                   build/usbd_conf.o
USBD_LL_GetRxDataSize                             build/usbd_conf.o
                                                  build/usbd_ioreq.o
USBD_LL_Init                                      build/usbd_conf.o
                                                  build/usbd_core.o
USBD_LL_IsStallEP                                 build/usbd_conf.o
                                                  build/usbd_ctlreq.o
USBD_LL_IsoINIncomplete                           build/usbd_core.o
                                                  build/usbd_conf.o
USBD_LL_IsoOUTIncomplete                          build/usbd_core.o
                                                  build/usbd_conf.o
USBD_LL_OpenEP                                    build/usbd_conf.o
                                                  build/usbd_hid.o
                                                  build/usbd_core.o
USBD_LL_PrepareReceive                            build/usbd_conf.o
                                                  build/usbd_ioreq.o
                                                  build/usbd_core.o
USBD_LL_Reset                                     build/usbd_core.o
                                                  build/usbd_conf.o
USBD_LL_Resume                                    build/usbd_core.o
                                                  build/usbd_conf.o
USBD_LL_SOF                                       build/usbd_core.o
                                                  build/usbd_conf.o
USBD_LL_SetSpeed                                  build/usbd_core.o
                                                  build/usbd_conf.o
USBD_LL_SetUSBAddress                             build/usbd_conf.o
                                                  build/usbd_ctlreq.o
USBD_LL_SetupStage                                build/usbd_core.o
                                                  build/usbd_conf.o
USBD_LL_StallEP                                   build/usbd_conf.o
                                                  build/usbd_ctlreq.o
                                                  build/usbd_core.o
USBD_LL_Start                                     build/usbd_conf.o
                                                  build/usbd_core.o
USBD_LL_Stop                                      build/usbd_conf.o
                                                  build/usbd_core.o
USBD_LL_Suspend                                   build/usbd_core.o
                                                  build/usbd_conf.o
USBD_LL_Transmit                                  build/usbd_conf.o
                                                  build/usbd_hid.o
                                                  build/usbd_ioreq.o
USBD_LangIDDesc                                   build/usbd_desc.o
USBD_ParseSetupRequest                            build/usbd_ctlreq.o
                                                  build/usbd_core.o
USBD_RegisterClass                                build/usbd_core.o
                                                  build/usb_device.o
USBD_RunTestMode                                  build/usbd_core.o
USBD_SetClassConfig                               build/usbd_core.o
                                                  build/usbd_ctlreq.o
USBD_Start                                        build/usbd_core.o
                                                  build/usb_device.o
USBD_StdDevReq                                    build/usbd_ctlreq.o
                                                  build/usbd_core.o
USBD_StdEPReq                                     build/usbd_ctlreq.o
                                                  build/usbd_core.o
USBD_StdItfReq                                    build/usbd_ctlreq.o
                                                  build/usbd_core.o
USBD_Stop                                         build/usbd_core.o
USBD_StrDesc                                      build/usbd_desc.o
USBD_StringSerial                                 build/usbd_desc.o
USBD_static_free                                  build/usbd_conf.o
                                                  build/usbd_hid.o
USBD_static_malloc                                build/usbd_conf.o
                                                  build/usbd_hid.o
USBWakeUp_IRQHandler                              build/startup_stm32f103xb.o
USB_ActivateEndpoint                              build/stm32f1xx_ll_usb.o
                                                  build/stm32f1xx_hal_pcd.o
USB_ActivateRemoteWakeup                          build/stm32f1xx_ll_usb.o
                                                  build/stm32f1xx_hal_pcd.o
USB_ClearInterrupts                               build/stm32f1xx_ll_usb.o
USB_CoreInit                                      build/stm32f1xx_ll_usb.o
                                                  build/stm32f1xx_hal_pcd.o
USB_DeActivateRemoteWakeup                        build/stm32f1xx_ll_usb.o
                                                  build/stm32f1xx_hal_pcd.o
USB_DeactivateEndpoint                            build/stm32f1xx_ll_usb.o
                                                  build/stm32f1xx_hal_pcd.o
USB_DevConnect                                    build/stm32f1xx_ll_usb.o
                                                  build/stm32f1xx_hal_pcd.o
USB_DevDisconnect                                 build/stm32f1xx_ll_usb.o
                                                  build/stm32f1xx_hal_pcd.o
USB_DevInit                                       build/stm32f1xx_ll_usb.o
                                                  build/stm32f1xx_hal_pcd.o
USB_DisableGlobalInt                              build/stm32f1xx_ll_usb.o
                                                  build/stm32f1xx_hal_pcd.o
USB_EP0_OutStart                                  build/stm32f1xx_ll_usb.o
                                                  build/stm32f1xx_hal_pcd.o
USB_EPClearStall                                  build/stm32f1xx_ll_usb.o
                                                  build/stm32f1xx_hal_pcd.o
USB_EPSetStall                                    build/stm32f1xx_ll_usb.o
                                                  build/stm32f1xx_hal_pcd.o
USB_EPStartXfer                                   build/stm32f1xx_ll_usb.o
                                                  build/stm32f1xx_hal_pcd.o
USB_EPStopXfer                                    build/stm32f1xx_ll_usb.o
                                                  build/stm32f1xx_hal_pcd.o
USB_EnableGlobalInt                               build/stm32f1xx_ll_usb.o
                                                  build/stm32f1xx_hal_pcd.o
USB_FlushRxFifo                                   build/stm32f1xx_ll_usb.o
                                                  build/stm32f1xx_hal_pcd.o
USB_FlushTxFifo                                   build/stm32f1xx_ll_usb.o
                                                  build/stm32f1xx_hal_pcd.o
USB_HP_CAN1_TX_IRQHandler                         build/startup_stm32f103xb.o
USB_LP_CAN1_RX0_IRQHandler                        build/stm32f1xx_it.o
USB_ReadDevAllInEpInterrupt                       build/stm32f1xx_ll_usb.o
USB_ReadDevAllOutEpInterrupt                      build/stm32f1xx_ll_usb.o
USB_ReadDevInEPInterrupt                          build/stm32f1xx_ll_usb.o
USB_ReadDevOutEPInterrupt                         build/stm32f1xx_ll_usb.o
USB_ReadInterrupts                                build/stm32f1xx_ll_usb.o
                                                  build/stm32f1xx_hal_pcd.o
USB_ReadPMA                                       build/stm32f1xx_ll_usb.o
                                                  build/stm32f1xx_hal_pcd.o
USB_SetCurrentMode                                build/stm32f1xx_ll_usb.o
                                                  build/stm32f1xx_hal_pcd.o
USB_SetDevAddress                                 build/stm32f1xx_ll_usb.o
                                                  build/stm32f1xx_hal_pcd.o
USB_StopDevice                                    build/stm32f1xx_ll_usb.o
                                                  build/stm32f1xx_hal_pcd.o
USB_WritePMA                                      build/stm32f1xx_ll_usb.o
                                                  build/stm32f1xx_hal_pcd.o
UsageFault_Handler                                build/stm32f1xx_it.o
WWDG_IRQHandler                                   build/startup_stm32f103xb.o
_ITM_deregisterTMCloneTable                       /nix/store/mkvk7zrbvp1s74g92kjd4qx60nmclfn3-gcc-arm-embedded-12.3.rel1/bin/../lib/gcc/arm-none-eabi/12.3.1/thumb/v7-m/nofp/crtbegin.o
_ITM_registerTMCloneTable                         /nix/store/mkvk7zrbvp1s74g92kjd4qx60nmclfn3-gcc-arm-embedded-12.3.rel1/bin/../lib/gcc/arm-none-eabi/12.3.1/thumb/v7-m/nofp/crtbegin.o
__TMC_END__                                       /nix/store/mkvk7zrbvp1s74g92kjd4qx60nmclfn3-gcc-arm-embedded-12.3.rel1/bin/../lib/gcc/arm-none-eabi/12.3.1/thumb/v7-m/nofp/crtend.o
                                                  /nix/store/mkvk7zrbvp1s74g92kjd4qx60nmclfn3-gcc-arm-embedded-12.3.rel1/bin/../lib/gcc/arm-none-eabi/12.3.1/thumb/v7-m/nofp/crtbegin.o
__bss_end__                                       /nix/store/mkvk7zrbvp1s74g92kjd4qx60nmclfn3-gcc-arm-embedded-12.3.rel1/bin/../lib/gcc/arm-none-eabi/12.3.1/../../../../arm-none-eabi/lib/thumb/v7-m/nofp/crt0.o
__bss_start__                                     /nix/store/mkvk7zrbvp1s74g92kjd4qx60nmclfn3-gcc-arm-embedded-12.3.rel1/bin/../lib/gcc/arm-none-eabi/12.3.1/../../../../arm-none-eabi/lib/thumb/v7-m/nofp/crt0.o
__call_exitprocs                                  /nix/store/mkvk7zrbvp1s74g92kjd4qx60nmclfn3-gcc-arm-embedded-12.3.rel1/bin/../lib/gcc/arm-none-eabi/12.3.1/../../../../arm-none-eabi/lib/thumb/v7-m/nofp/libc_nano.a(libc_a-exit.o)
__deregister_frame_info                           /nix/store/mkvk7zrbvp1s74g92kjd4qx60nmclfn3-gcc-arm-embedded-12.3.rel1/bin/../lib/gcc/arm-none-eabi/12.3.1/thumb/v7-m/nofp/crtbegin.o
__dso_handle                                      /nix/store/mkvk7zrbvp1s74g92kjd4qx60nmclfn3-gcc-arm-embedded-12.3.rel1/bin/../lib/gcc/arm-none-eabi/12.3.1/thumb/v7-m/nofp/crtbegin.o
__fp_lock_all                                     /nix/store/mkvk7zrbvp1s74g92kjd4qx60nmclfn3-gcc-arm-embedded-12.3.rel1/bin/../lib/gcc/arm-none-eabi/12.3.1/../../../../arm-none-eabi/lib/thumb/v7-m/nofp/libc_nano.a(libc_a-findfp.o)
__fp_unlock_all                                   /nix/store/mkvk7zrbvp1s74g92kjd4qx60nmclfn3-gcc-arm-embedded-12.3.rel1/bin/../lib/gcc/arm-none-eabi/12.3.1/../../../../arm-none-eabi/lib/thumb/v7-m/nofp/libc_nano.a(libc_a-findfp.o)
__init_array_end                                  /nix/store/mkvk7zrbvp1s74g92kjd4qx60nmclfn3-gcc-arm-embedded-12.3.rel1/bin/../lib/gcc/arm-none-eabi/12.3.1/../../../../arm-none-eabi/lib/thumb/v7-m/nofp/libc_nano.a(libc_a-init.o)
__init_array_start                                /nix/store/mkvk7zrbvp1s74g92kjd4qx60nmclfn3-gcc-arm-embedded-12.3.rel1/bin/../lib/gcc/arm-none-eabi/12.3.1/../../../../arm-none-eabi/lib/thumb/v7-m/nofp/libc_nano.a(libc_a-init.o)
__libc_fini_array                                 /nix/store/mkvk7zrbvp1s74g92kjd4qx60nmclfn3-gcc-arm-embedded-12.3.rel1/bin/../lib/gcc/arm-none-eabi/12.3.1/../../../../arm-none-eabi/lib/thumb/v7-m/nofp/crt0.o
__libc_init_array                                 /nix/store/mkvk7zrbvp1s74g92kjd4qx60nmclfn3-gcc-arm-embedded-12.3.rel1/bin/../lib/gcc/arm-none-eabi/12.3.1/../../../../arm-none-eabi/lib/thumb/v7-m/nofp/libc_nano.a(libc_a-init.o)
                                                  build/startup_stm32f103xb.o
                                                  /nix/store/mkvk7zrbvp1s74g92kjd4qx60nmclfn3-gcc-arm-embedded-12.3.rel1/bin/../lib/gcc/arm-none-eabi/12.3.1/../../../../arm-none-eabi/lib/thumb/v7-m/nofp/crt0.o
__lock___arc4random_mutex                         /nix/store/mkvk7zrbvp1s74g92kjd4qx60nmclfn3-gcc-arm-embedded-12.3.rel1/bin/../lib/gcc/arm-none-eabi/12.3.1/../../../../arm-none-eabi/lib/thumb/v7-m/nofp/libc_nano.a(libc_a-lock.o)
__lock___at_quick_exit_mutex                      /nix/store/mkvk7zrbvp1s74g92kjd4qx60nmclfn3-gcc-arm-embedded-12.3.rel1/bin/../lib/gcc/arm-none-eabi/12.3.1/../../../../arm-none-eabi/lib/thumb/v7-m/nofp/libc_nano.a(libc_a-lock.o)
__lock___atexit_recursive_mutex                   /nix/store/mkvk7zrbvp1s74g92kjd4qx60nmclfn3-gcc-arm-embedded-12.3.rel1/bin/../lib/gcc/arm-none-eabi/12.3.1/../../../../arm-none-eabi/lib/thumb/v7-m/nofp/libc_nano.a(libc_a-lock.o)
__lock___dd_hash_mutex                            /nix/store/mkvk7zrbvp1s74g92kjd4qx60nmclfn3-gcc-arm-embedded-12.3.rel1/bin/../lib/gcc/arm-none-eabi/12.3.1/../../../../arm-none-eabi/lib/thumb/v7-m/nofp/libc_nano.a(libc_a-lock.o)
__lock___env_recursive_mutex                      /nix/store/mkvk7zrbvp1s74g92kjd4qx60nmclfn3-gcc-arm-embedded-12.3.rel1/bin/../lib/gcc/arm-none-eabi/12.3.1/../../../../arm-none-eabi/lib/thumb/v7-m/nofp/libc_nano.a(libc_a-lock.o)
__lock___malloc_recursive_mutex                   /nix/store/mkvk7zrbvp1s74g92kjd4qx60nmclfn3-gcc-arm-embedded-12.3.rel1/bin/../lib/gcc/arm-none-eabi/12.3.1/../../../../arm-none-eabi/lib/thumb/v7-m/nofp/libc_nano.a(libc_a-lock.o)
                                                  /nix/store/mkvk7zrbvp1s74g92kjd4qx60nmclfn3-gcc-arm-embedded-12.3.rel1/bin/../lib/gcc/arm-none-eabi/12.3.1/../../../../arm-none-eabi/lib/thumb/v7-m/nofp/libc_nano.a(libc_a-mlock.o)
__lock___sfp_recursive_mutex                      /nix/store/mkvk7zrbvp1s74g92kjd4qx60nmclfn3-gcc-arm-embedded-12.3.rel1/bin/../lib/gcc/arm-none-eabi/12.3.1/../../../../arm-none-eabi/lib/thumb/v7-m/nofp/libc_nano.a(libc_a-lock.o)
                                                  /nix/store/mkvk7zrbvp1s74g92kjd4qx60nmclfn3-gcc-arm-embedded-12.3.rel1/bin/../lib/gcc/arm-none-eabi/12.3.1/../../../../arm-none-eabi/lib/thumb/v7-m/nofp/libc_nano.a(libc_a-findfp.o)
__lock___tz_mutex                                 /nix/store/mkvk7zrbvp1s74g92kjd4qx60nmclfn3-gcc-arm-embedded-12.3.rel1/bin/../lib/gcc/arm-none-eabi/12.3.1/../../../../arm-none-eabi/lib/thumb/v7-m/nofp/libc_nano.a(libc_a-lock.o)
__malloc_free_list                                /nix/store/mkvk7zrbvp1s74g92kjd4qx60nmclfn3-gcc-arm-embedded-12.3.rel1/bin/../lib/gcc/arm-none-eabi/12.3.1/../../../../arm-none-eabi/lib/thumb/v7-m/nofp/libc_nano.a(libc_a-mallocr.o)
                                                  /nix/store/mkvk7zrbvp1s74g92kjd4qx60nmclfn3-gcc-arm-embedded-12.3.rel1/bin/../lib/gcc/arm-none-eabi/12.3.1/../../../../arm-none-eabi/lib/thumb/v7-m/nofp/libc_nano.a(libc_a-freer.o)
__malloc_lock                                     /nix/store/mkvk7zrbvp1s74g92kjd4qx60nmclfn3-gcc-arm-embedded-12.3.rel1/bin/../lib/gcc/arm-none-eabi/12.3.1/../../../../arm-none-eabi/lib/thumb/v7-m/nofp/libc_nano.a(libc_a-mlock.o)
                                                  /nix/store/mkvk7zrbvp1s74g92kjd4qx60nmclfn3-gcc-arm-embedded-12.3.rel1/bin/../lib/gcc/arm-none-eabi/12.3.1/../../../../arm-none-eabi/lib/thumb/v7-m/nofp/libc_nano.a(libc_a-freer.o)
                                                  /nix/store/mkvk7zrbvp1s74g92kjd4qx60nmclfn3-gcc-arm-embedded-12.3.rel1/bin/../lib/gcc/arm-none-eabi/12.3.1/../../../../arm-none-eabi/lib/thumb/v7-m/nofp/libc_nano.a(libc_a-mallocr.o)
__malloc_sbrk_start                               /nix/store/mkvk7zrbvp1s74g92kjd4qx60nmclfn3-gcc-arm-embedded-12.3.rel1/bin/../lib/gcc/arm-none-eabi/12.3.1/../../../../arm-none-eabi/lib/thumb/v7-m/nofp/libc_nano.a(libc_a-mallocr.o)
__malloc_unlock                                   /nix/store/mkvk7zrbvp1s74g92kjd4qx60nmclfn3-gcc-arm-embedded-12.3.rel1/bin/../lib/gcc/arm-none-eabi/12.3.1/../../../../arm-none-eabi/lib/thumb/v7-m/nofp/libc_nano.a(libc_a-mlock.o)
                                                  /nix/store/mkvk7zrbvp1s74g92kjd4qx60nmclfn3-gcc-arm-embedded-12.3.rel1/bin/../lib/gcc/arm-none-eabi/12.3.1/../../../../arm-none-eabi/lib/thumb/v7-m/nofp/libc_nano.a(libc_a-freer.o)
                                                  /nix/store/mkvk7zrbvp1s74g92kjd4qx60nmclfn3-gcc-arm-embedded-12.3.rel1/bin/../lib/gcc/arm-none-eabi/12.3.1/../../../../arm-none-eabi/lib/thumb/v7-m/nofp/libc_nano.a(libc_a-mallocr.o)
__preinit_array_end                               /nix/store/mkvk7zrbvp1s74g92kjd4qx60nmclfn3-gcc-arm-embedded-12.3.rel1/bin/../lib/gcc/arm-none-eabi/12.3.1/../../../../arm-none-eabi/lib/thumb/v7-m/nofp/libc_nano.a(libc_a-init.o)
__preinit_array_start                             /nix/store/mkvk7zrbvp1s74g92kjd4qx60nmclfn3-gcc-arm-embedded-12.3.rel1/bin/../lib/gcc/arm-none-eabi/12.3.1/../../../../arm-none-eabi/lib/thumb/v7-m/nofp/libc_nano.a(libc_a-init.o)
__register_frame_info                             /nix/store/mkvk7zrbvp1s74g92kjd4qx60nmclfn3-gcc-arm-embedded-12.3.rel1/bin/../lib/gcc/arm-none-eabi/12.3.1/thumb/v7-m/nofp/crtbegin.o
__retarget_lock_acquire                           /nix/store/mkvk7zrbvp1s74g92kjd4qx60nmclfn3-gcc-arm-embedded-12.3.rel1/bin/../lib/gcc/arm-none-eabi/12.3.1/../../../../arm-none-eabi/lib/thumb/v7-m/nofp/libc_nano.a(libc_a-lock.o)
__retarget_lock_acquire_recursive                 /nix/store/mkvk7zrbvp1s74g92kjd4qx60nmclfn3-gcc-arm-embedded-12.3.rel1/bin/../lib/gcc/arm-none-eabi/12.3.1/../../../../arm-none-eabi/lib/thumb/v7-m/nofp/libc_nano.a(libc_a-lock.o)
                                                  /nix/store/mkvk7zrbvp1s74g92kjd4qx60nmclfn3-gcc-arm-embedded-12.3.rel1/bin/../lib/gcc/arm-none-eabi/12.3.1/../../../../arm-none-eabi/lib/thumb/v7-m/nofp/libc_nano.a(libc_a-mlock.o)
                                                  /nix/store/mkvk7zrbvp1s74g92kjd4qx60nmclfn3-gcc-arm-embedded-12.3.rel1/bin/../lib/gcc/arm-none-eabi/12.3.1/../../../../arm-none-eabi/lib/thumb/v7-m/nofp/libc_nano.a(libc_a-fflush.o)